217.69.133.30 - - [09/Oct/2016:17:43:48 +0300] "GET /parallel/parallel/russia/people/popova.html HTTP/1.0" 200 944 "-" "Mozilla/5.0 (compatible; Linux x86_64; Mail.RU_Bot/2.0; +http://go.mail.ru/help/robots)" - - old.parallel.ru
217.69.133.31 - - [09/Oct/2016:17:43:50 +0300] "GET /parallel/parallel/russia/map/data/project07.html HTTP/1.0" 200 2443 "-" "Mozilla/5.0 (compatible; Linux x86_64; Mail.RU_Bot/2.0; +http://go.mail.ru/help/robots)" - - old.parallel.ru
217.69.133.60 - - [09/Oct/2016:17:43:53 +0300] "GET /parallel/russia/people/brodsky.html HTTP/1.0" 200 1119 "-" "Mozilla/5.0 (compatible; Linux x86_64; Mail.RU_Bot/2.0; +http://go.mail.ru/help/robots)" - - old.parallel.ru
217.69.133.72 - - [09/Oct/2016:17:43:58 +0300] "GET /ftp/cluster/?C=S;O=D HTTP/1.0" 200 623 "-" "Mozilla/5.0 (compatible; Linux x86_64; Mail.RU_Bot/2.0; +http://go.mail.ru/help/robots)" - - old.parallel.ru
217.69.133.59 - - [09/Oct/2016:17:44:00 +0300] "GET /ftp/computers/sgi/ace.pdf HTTP/1.0" 200 37937 "-" "Mozilla/5.0 (compatible; Linux x86_64; Mail.RU_Bot/2.0; +http://go.mail.ru/help/robots)" - - old.parallel.ru
217.69.133.29 - - [09/Oct/2016:17:44:05 +0300] "GET /tech/tech_dev/ HTTP/1.0" 200 1331 "-" "Mozilla/5.0 (compatible; Linux x86_64; Mail.RU_Bot/2.0; +http://go.mail.ru/help/robots)" - - old.parallel.ru
217.69.133.192 - - [09/Oct/2016:17:44:12 +0300] "GET /ftp/mpi/wmpi/WMPI_EuroPVMMPI_Mourao.pdf HTTP/1.0" 304 - "-" "Mozilla/5.0 (compatible; Linux x86_64; Mail.RU_Bot/2.0; +http://go.mail.ru/help/robots)" - - old.parallel.ru
217.69.133.72 - - [09/Oct/2016:17:44:17 +0300] "GET /parallel/cluster/T500_user_guide-3.pdf HTTP/1.0" 304 - "-" "Mozilla/5.0 (compatible; Linux x86_64; Mail.RU_Bot/2.0; +http://go.mail.ru/help/robots)" - - old.parallel.ru
217.69.133.60 - - [09/Oct/2016:17:44:20 +0300] "GET /info/education/tom-kurs.html HTTP/1.0" 304 - "-" "Mozilla/5.0 (compatible; Linux x86_64; Mail.RU_Bot/2.0; +http://go.mail.ru/help/robots)" - - old.parallel.ru
217.69.133.59 - - [09/Oct/2016:17:44:23 +0300] "GET /news/ibm_copper.html HTTP/1.0" 200 1682 "-" "Mozilla/5.0 (compatible; Linux x86_64; Mail.RU_Bot/2.0; +http://go.mail.ru/help/robots)" - - old.parallel.ru
126.117.192.105 - - [09/Oct/2016:18:04:25 +0300] "GET /v-ray/index_e.html HTTP/1.0" 200 302 "-" "Mozilla/5.0 (iPhone; CPU iPhone OS 10_0_2 like Mac OS X) AppleWebKit/602.1.50 (KHTML, like Gecko) Version/10.0 Mobile/14A456 Safari/602.1" - - old.parallel.ru
126.117.192.105 - - [09/Oct/2016:18:04:26 +0300] "GET /apple-touch-icon-120x120-precomposed.png HTTP/1.0" 404 319 "-" "MobileSafari/602.1 CFNetwork/808.0.2 Darwin/16.0.0" - - old.parallel.ru
126.117.192.105 - - [09/Oct/2016:18:04:26 +0300] "GET /apple-touch-icon-120x120.png HTTP/1.0" 404 307 "-" "MobileSafari/602.1 CFNetwork/808.0.2 Darwin/16.0.0" - - old.parallel.ru
126.117.192.105 - - [09/Oct/2016:18:04:26 +0300] "GET /apple-touch-icon-precomposed.png HTTP/1.0" 404 311 "-" "MobileSafari/602.1 CFNetwork/808.0.2 Darwin/16.0.0" - - old.parallel.ru
126.117.192.105 - - [09/Oct/2016:18:04:27 +0300] "GET /apple-touch-icon.png HTTP/1.0" 404 299 "-" "MobileSafari/602.1 CFNetwork/808.0.2 Darwin/16.0.0" - - old.parallel.ru
126.117.192.105 - - [09/Oct/2016:18:04:27 +0300] "GET /favicon.ico HTTP/1.0" 404 290 "-" "MobileSafari/602.1 CFNetwork/808.0.2 Darwin/16.0.0" - - old.parallel.ru
126.117.192.105 - - [09/Oct/2016:18:04:28 +0300] "GET /apple-touch-icon-120x120-precomposed.png HTTP/1.0" 404 319 "-" "MobileSafari/602.1 CFNetwork/808.0.2 Darwin/16.0.0" - - old.parallel.ru
126.117.192.105 - - [09/Oct/2016:18:04:28 +0300] "GET /apple-touch-icon-120x120.png HTTP/1.0" 404 307 "-" "MobileSafari/602.1 CFNetwork/808.0.2 Darwin/16.0.0" - - old.parallel.ru
126.117.192.105 - - [09/Oct/2016:18:04:28 +0300] "GET /apple-touch-icon-precomposed.png HTTP/1.0" 404 311 "-" "MobileSafari/602.1 CFNetwork/808.0.2 Darwin/16.0.0" - - old.parallel.ru
126.117.192.105 - - [09/Oct/2016:18:04:29 +0300] "GET /apple-touch-icon.png HTTP/1.0" 404 299 "-" "MobileSafari/602.1 CFNetwork/808.0.2 Darwin/16.0.0" - - old.parallel.ru
126.117.192.105 - - [09/Oct/2016:18:04:30 +0300] "GET /favicon.ico HTTP/1.0" 404 290 "-" "MobileSafari/602.1 CFNetwork/808.0.2 Darwin/16.0.0" - - old.parallel.ru
180.76.15.18 - - [09/Oct/2016:18:07:58 +0300] "GET /system/10560 HTTP/1.0" 404 291 "-" "Mozilla/5.0 (compatible; Baiduspider/2.0; +http://www.baidu.com/search/spider.html)" - - old.parallel.ru
180.76.15.7 - - [09/Oct/2016:18:35:15 +0300] "GET /ftp/cluster/?C=D;O=A HTTP/1.0" 200 627 "-" "Mozilla/5.0 (compatible; Baiduspider/2.0; +http://www.baidu.com/search/spider.html)" - - old.parallel.ru
66.249.73.129 - - [09/Oct/2016:18:49:50 +0300] "GET /parallel/cluster/rules/index.html HTTP/1.0" 200 4662 "-" "Mozilla/5.0 (compatible; Googlebot/2.1; +http://www.google.com/bot.html)" - - old.parallel.ru
66.249.73.187 - - [09/Oct/2016:18:50:04 +0300] "GET /parallel/cluster/rules/default.css HTTP/1.0" 404 313 "http://old.parallel.ru/parallel/cluster/rules/index.html" "Mozilla/5.0 (compatible; Googlebot/2.1; +http://www.google.com/bot.html)" - - old.parallel.ru
109.195.222.210 - - [09/Oct/2016:18:54:38 +0300] "GET /images/computers/BlueGene_Diagram.jpg HTTP/1.0" 200 72484 "-" "Mozilla/5.0 (Windows NT 6.1; WOW64) AppleWebKit/537.36 (KHTML, like Gecko) Chrome/47.0.2526.111 YaBrowser/16.3.0.6796 Yowser/2.5 Safari/537.36" - - old.parallel.ru
66.249.73.187 - - [09/Oct/2016:19:04:09 +0300] "GET /subscribe.html HTTP/1.0" 200 2313 "-" "Mozilla/5.0 (compatible; Googlebot/2.1; +http://www.google.com/bot.html)" - - old.parallel.ru
66.249.76.87 - - [09/Oct/2016:19:15:04 +0300] "GET /parallel/cluster/dvm.html HTTP/1.0" 200 2880 "-" "Mozilla/5.0 (compatible; Googlebot/2.1; +http://www.google.com/bot.html)" - - old.parallel.ru
217.69.133.192 - - [09/Oct/2016:19:16:28 +0300] "GET /robots.txt HTTP/1.0" 404 289 "-" "Mozilla/5.0 (compatible; Linux x86_64; Mail.RU_Bot/2.0; +http://go.mail.ru/help/robots)" - - old.parallel.ru
217.69.133.59 - - [09/Oct/2016:19:16:30 +0300] "GET /russia/people/tatur.html HTTP/1.0" 200 950 "-" "Mozilla/5.0 (compatible; Linux x86_64; Mail.RU_Bot/2.0; +http://go.mail.ru/help/robots)" - - old.parallel.ru
217.69.133.28 - - [09/Oct/2016:19:16:31 +0300] "GET /contents_eng.html HTTP/1.0" 200 4904 "-" "Mozilla/5.0 (compatible; Linux x86_64; Mail.RU_Bot/2.0; +http://go.mail.ru/help/robots)" - - old.parallel.ru
217.69.133.30 - - [09/Oct/2016:19:16:33 +0300] "GET /parallel/info/VVV/16.pdf HTTP/1.0" 304 - "-" "Mozilla/5.0 (compatible; Linux x86_64; Mail.RU_Bot/2.0; +http://go.mail.ru/help/robots)" - - old.parallel.ru
217.69.133.60 - - [09/Oct/2016:19:16:35 +0300] "GET /parallel/info/VVV/14.pdf HTTP/1.0" 304 - "-" "Mozilla/5.0 (compatible; Linux x86_64; Mail.RU_Bot/2.0; +http://go.mail.ru/help/robots)" - - old.parallel.ru
217.69.133.60 - - [09/Oct/2016:19:16:38 +0300] "GET /ftp/openmp/cspec.pdf HTTP/1.0" 304 - "-" "Mozilla/5.0 (compatible; Linux x86_64; Mail.RU_Bot/2.0; +http://go.mail.ru/help/robots)" - - old.parallel.ru
217.69.133.28 - - [09/Oct/2016:19:16:40 +0300] "GET /parallel/info/ci_v5.pdf HTTP/1.0" 200 194237 "-" "Mozilla/5.0 (compatible; Linux x86_64; Mail.RU_Bot/2.0; +http://go.mail.ru/help/robots)" - - old.parallel.ru
217.69.133.59 - - [09/Oct/2016:19:16:43 +0300] "GET /russia/map/iola.html HTTP/1.0" 304 - "-" "Mozilla/5.0 (compatible; Linux x86_64; Mail.RU_Bot/2.0; +http://go.mail.ru/help/robots)" - - old.parallel.ru
217.69.133.31 - - [09/Oct/2016:19:16:45 +0300] "GET /parallel/parallel/russia/map/data/project18.html HTTP/1.0" 200 2068 "-" "Mozilla/5.0 (compatible; Linux x86_64; Mail.RU_Bot/2.0; +http://go.mail.ru/help/robots)" - - old.parallel.ru
217.69.133.31 - - [09/Oct/2016:19:16:47 +0300] "GET /parallel/parallel/russia/map/data/project32.html HTTP/1.0" 200 2220 "-" "Mozilla/5.0 (compatible; Linux x86_64; Mail.RU_Bot/2.0; +http://go.mail.ru/help/robots)" - - old.parallel.ru
217.69.133.60 - - [09/Oct/2016:19:16:51 +0300] "GET /cluster/nnov2001_thesis.html HTTP/1.0" 200 6235 "-" "Mozilla/5.0 (compatible; Linux x86_64; Mail.RU_Bot/2.0; +http://go.mail.ru/help/robots)" - - old.parallel.ru
217.69.133.30 - - [09/Oct/2016:19:16:53 +0300] "GET /parallel/contest/ HTTP/1.0" 304 - "-" "Mozilla/5.0 (compatible; Linux x86_64; Mail.RU_Bot/2.0; +http://go.mail.ru/help/robots)" - - old.parallel.ru
52.90.100.179 - - [09/Oct/2016:19:29:52 +0300] "GET / HTTP/1.0" 200 399 "-" "Mozilla/5.0 (compatible; linkdexbot/2.0; +http://www.linkdex.com/bots/)" - - old.parallel.ru
180.76.15.26 - - [09/Oct/2016:19:40:58 +0300] "GET /images/conf98.big/?C=M;O=A HTTP/1.0" 200 706 "-" "Mozilla/5.0 (compatible; Baiduspider/2.0; +http://www.baidu.com/search/spider.html)" - - old.parallel.ru
180.76.15.145 - - [09/Oct/2016:20:07:17 +0300] "GET /ftp/benchmarks/007/?C=D;O=D HTTP/1.0" 200 664 "-" "Mozilla/5.0 (compatible; Baiduspider/2.0; +http://www.baidu.com/search/spider.html)" - - old.parallel.ru
157.55.39.40 - - [09/Oct/2016:20:23:00 +0300] "GET / HTTP/1.0" 200 399 "-" "Mozilla/5.0 (compatible; bingbot/2.0; +http://www.bing.com/bingbot.htm)" - - old.parallel.ru
66.249.73.187 - - [09/Oct/2016:20:32:42 +0300] "GET /info/education/msu_grid-intro.doc HTTP/1.0" 200 126976 "-" "Mozilla/5.0 (compatible; Googlebot/2.1; +http://www.google.com/bot.html)" - - old.parallel.ru
217.69.133.59 - - [09/Oct/2016:20:49:23 +0300] "GET /robots.txt HTTP/1.0" 404 289 "-" "Mozilla/5.0 (compatible; Linux x86_64; Mail.RU_Bot/2.0; +http://go.mail.ru/help/robots)" - - old.parallel.ru
217.69.133.60 - - [09/Oct/2016:20:49:25 +0300] "GET /news/hp_jaguar.html HTTP/1.0" 200 1404 "-" "Mozilla/5.0 (compatible; Linux x86_64; Mail.RU_Bot/2.0; +http://go.mail.ru/help/robots)" - - old.parallel.ru
217.69.133.31 - - [09/Oct/2016:20:49:26 +0300] "GET /russia/people/abramov.html HTTP/1.0" 304 - "-" "Mozilla/5.0 (compatible; Linux x86_64; Mail.RU_Bot/2.0; +http://go.mail.ru/help/robots)" - - old.parallel.ru
217.69.133.28 - - [09/Oct/2016:20:49:28 +0300] "GET /russia/map/data/project22.html HTTP/1.0" 200 2374 "-" "Mozilla/5.0 (compatible; Linux x86_64; Mail.RU_Bot/2.0; +http://go.mail.ru/help/robots)" - - old.parallel.ru
217.69.133.29 - - [09/Oct/2016:20:49:29 +0300] "GET /news/hp_eda_apps.html HTTP/1.0" 200 1474 "-" "Mozilla/5.0 (compatible; Linux x86_64; Mail.RU_Bot/2.0; +http://go.mail.ru/help/robots)" - - old.parallel.ru
217.69.133.31 - - [09/Oct/2016:20:49:30 +0300] "GET /parallel/info/VVV/06.pdf HTTP/1.0" 304 - "-" "Mozilla/5.0 (compatible; Linux x86_64; Mail.RU_Bot/2.0; +http://go.mail.ru/help/robots)" - - old.parallel.ru
217.69.133.28 - - [09/Oct/2016:20:49:32 +0300] "GET /ftp/computers/rambus/yellowstone.pdf HTTP/1.0" 304 - "-" "Mozilla/5.0 (compatible; Linux x86_64; Mail.RU_Bot/2.0; +http://go.mail.ru/help/robots)" - - old.parallel.ru
217.69.133.29 - - [09/Oct/2016:20:49:34 +0300] "GET /info/VVV/sbornik.pdf HTTP/1.0" 304 - "-" "Mozilla/5.0 (compatible; Linux x86_64; Mail.RU_Bot/2.0; +http://go.mail.ru/help/robots)" - - old.parallel.ru
217.69.133.59 - - [09/Oct/2016:20:49:36 +0300] "GET /ftp/openmp/draft_cspec20_bars.pdf HTTP/1.0" 200 267905 "-" "Mozilla/5.0 (compatible; Linux x86_64; Mail.RU_Bot/2.0; +http://go.mail.ru/help/robots)" - - old.parallel.ru
217.69.133.192 - - [09/Oct/2016:20:49:38 +0300] "GET /ftp/libs/fft/ HTTP/1.0" 200 534 "-" "Mozilla/5.0 (compatible; Linux x86_64; Mail.RU_Bot/2.0; +http://go.mail.ru/help/robots)" - - old.parallel.ru
217.69.133.192 - - [09/Oct/2016:20:49:41 +0300] "GET /info/stories/cinema.html HTTP/1.0" 200 3132 "-" "Mozilla/5.0 (compatible; Linux x86_64; Mail.RU_Bot/2.0; +http://go.mail.ru/help/robots)" - - old.parallel.ru
217.69.133.29 - - [09/Oct/2016:20:49:44 +0300] "GET /computers/reviews/ HTTP/1.0" 200 1395 "-" "Mozilla/5.0 (compatible; Linux x86_64; Mail.RU_Bot/2.0; +http://go.mail.ru/help/robots)" - - old.parallel.ru
217.69.133.60 - - [09/Oct/2016:20:49:46 +0300] "GET /parallel/forum/ HTTP/1.0" 302 - "-" "Mozilla/5.0 (compatible; Linux x86_64; Mail.RU_Bot/2.0; +http://go.mail.ru/help/robots)" - - old.parallel.ru
217.69.133.28 - - [09/Oct/2016:20:49:49 +0300] "GET /ftp/computers/intel/vi-arch/?C=N;O=A HTTP/1.0" 200 473 "-" "Mozilla/5.0 (compatible; Linux x86_64; Mail.RU_Bot/2.0; +http://go.mail.ru/help/robots)" - - old.parallel.ru
157.55.39.40 - - [09/Oct/2016:20:50:06 +0300] "GET /robots.txt HTTP/1.0" 404 289 "-" "Mozilla/5.0 (compatible; bingbot/2.0; +http://www.bing.com/bingbot.htm)" - - old.parallel.ru
54.208.112.131 - - [09/Oct/2016:20:50:16 +0300] "GET /robots.txt HTTP/1.0" 404 289 "-" "Mozilla/5.0 (compatible; linkdexbot/2.0; +http://www.linkdex.com/bots/)" - - old.parallel.ru
54.208.112.131 - - [09/Oct/2016:20:50:16 +0300] "GET /parallel/computers/top500.list23.html HTTP/1.0" 200 28031 "-" "Mozilla/5.0 (compatible; linkdexbot/2.0; +http://www.linkdex.com/bots/)" - - old.parallel.ru
157.55.39.40 - - [09/Oct/2016:20:50:35 +0300] "GET /parallel/russia/map/data/project17.html HTTP/1.0" 200 1871 "-" "Mozilla/5.0 (compatible; bingbot/2.0; +http://www.bing.com/bingbot.htm)" - - old.parallel.ru
66.249.76.87 - - [09/Oct/2016:21:09:03 +0300] "GET /about/hist2003.html HTTP/1.0" 200 4356 "-" "Mozilla/5.0 (compatible; Googlebot/2.1; +http://www.google.com/bot.html)" - - old.parallel.ru
54.161.59.226 - - [09/Oct/2016:21:12:18 +0300] "GET /robots.txt HTTP/1.0" 404 289 "-" "Mozilla/5.0 (compatible; linkdexbot/2.0; +http://www.linkdex.com/bots/)" - - old.parallel.ru
54.161.59.226 - - [09/Oct/2016:21:12:18 +0300] "GET /computers/top500.list23.html HTTP/1.0" 200 28031 "-" "Mozilla/5.0 (compatible; linkdexbot/2.0; +http://www.linkdex.com/bots/)" - - old.parallel.ru
66.249.76.89 - - [09/Oct/2016:21:12:58 +0300] "GET /parallel/russia/people/tarkov.html HTTP/1.0" 200 4330 "-" "Mozilla/5.0 (compatible; Googlebot/2.1; +http://www.google.com/bot.html)" - - old.parallel.ru
66.249.76.91 - - [09/Oct/2016:21:13:59 +0300] "GET /about/hist2001.html HTTP/1.0" 200 3879 "-" "Mozilla/5.0 (compatible; Googlebot/2.1; +http://www.google.com/bot.html)" - - old.parallel.ru
180.76.15.161 - - [09/Oct/2016:21:39:02 +0300] "GET /news/nec_onera.html HTTP/1.0" 200 1449 "-" "Mozilla/5.0 (compatible; Baiduspider/2.0; +http://www.baidu.com/search/spider.html)" - - old.parallel.ru
141.8.142.23 - - [09/Oct/2016:21:50:53 +0300] "GET /images/people/aladyshev.jpg HTTP/1.0" 304 - "-" "Mozilla/5.0 (compatible; YandexImages/3.0; +http://yandex.com/bots)" - - old.parallel.ru
141.8.142.23 - - [09/Oct/2016:21:52:33 +0300] "GET /parallel/news/images/2011_about_noc_1.jpg HTTP/1.0" 304 - "-" "Mozilla/5.0 (compatible; YandexImages/3.0; +http://yandex.com/bots)" - - old.parallel.ru
180.76.15.31 - - [09/Oct/2016:22:10:13 +0300] "GET /parallel/conf98/photos.html HTTP/1.0" 200 1270 "-" "Mozilla/5.0 (compatible; Baiduspider/2.0; +http://www.baidu.com/search/spider.html)" - - old.parallel.ru
217.69.133.30 - - [09/Oct/2016:22:22:49 +0300] "GET /robots.txt HTTP/1.0" 404 289 "-" "Mozilla/5.0 (compatible; Linux x86_64; Mail.RU_Bot/2.0; +http://go.mail.ru/help/robots)" - - old.parallel.ru
217.69.133.28 - - [09/Oct/2016:22:22:50 +0300] "GET /info/parallel/cluster/appendix6.pdf HTTP/1.0" 200 105696 "-" "Mozilla/5.0 (compatible; Linux x86_64; Mail.RU_Bot/2.0; +http://go.mail.ru/help/robots)" - - old.parallel.ru
217.69.133.72 - - [09/Oct/2016:22:22:51 +0300] "GET /parallel/computers/systems.html HTTP/1.0" 200 10323 "-" "Mozilla/5.0 (compatible; Linux x86_64; Mail.RU_Bot/2.0; +http://go.mail.ru/help/robots)" - - old.parallel.ru
217.69.133.60 - - [09/Oct/2016:22:22:52 +0300] "GET /russia/publications/by_group.html HTTP/1.0" 304 - "-" "Mozilla/5.0 (compatible; Linux x86_64; Mail.RU_Bot/2.0; +http://go.mail.ru/help/robots)" - - old.parallel.ru
217.69.133.31 - - [09/Oct/2016:22:22:54 +0300] "GET /ftp/cluster/ssh-clients/?C=M;O=D HTTP/1.0" 200 599 "-" "Mozilla/5.0 (compatible; Linux x86_64; Mail.RU_Bot/2.0; +http://go.mail.ru/help/robots)" - - old.parallel.ru
217.69.133.31 - - [09/Oct/2016:22:22:55 +0300] "GET /tech/tech_dev/MPIcourse/tasks7.html HTTP/1.0" 200 922 "-" "Mozilla/5.0 (compatible; Linux x86_64; Mail.RU_Bot/2.0; +http://go.mail.ru/help/robots)" - - old.parallel.ru
217.69.133.28 - - [09/Oct/2016:22:22:57 +0300] "GET /parallel/cluster/archive.html HTTP/1.0" 200 1574 "-" "Mozilla/5.0 (compatible; Linux x86_64; Mail.RU_Bot/2.0; +http://go.mail.ru/help/robots)" - - old.parallel.ru
217.69.133.30 - - [09/Oct/2016:22:22:59 +0300] "GET /ftp/beowulf/Bladed-Beowulf.pdf HTTP/1.0" 200 1115754 "-" "Mozilla/5.0 (compatible; Linux x86_64; Mail.RU_Bot/2.0; +http://go.mail.ru/help/robots)" - - old.parallel.ru
217.69.133.31 - - [09/Oct/2016:22:23:02 +0300] "GET /parallel/parallel/russia/map/data/project11.html HTTP/1.0" 200 1417 "-" "Mozilla/5.0 (compatible; Linux x86_64; Mail.RU_Bot/2.0; +http://go.mail.ru/help/robots)" - - old.parallel.ru
217.69.133.60 - - [09/Oct/2016:22:23:05 +0300] "GET /parallel/parallel/russia/map/data/project22.html HTTP/1.0" 200 2374 "-" "Mozilla/5.0 (compatible; Linux x86_64; Mail.RU_Bot/2.0; +http://go.mail.ru/help/robots)" - - old.parallel.ru
217.69.133.59 - - [09/Oct/2016:22:23:08 +0300] "GET /tech/mpc/p19.html HTTP/1.0" 200 408 "-" "Mozilla/5.0 (compatible; Linux x86_64; Mail.RU_Bot/2.0; +http://go.mail.ru/help/robots)" - - old.parallel.ru
217.69.133.72 - - [09/Oct/2016:22:23:09 +0300] "GET /computers/benchmarks/fs.html HTTP/1.0" 304 - "-" "Mozilla/5.0 (compatible; Linux x86_64; Mail.RU_Bot/2.0; +http://go.mail.ru/help/robots)" - - old.parallel.ru
217.69.133.31 - - [09/Oct/2016:22:23:14 +0300] "GET /history/cray1.html HTTP/1.0" 200 6896 "-" "Mozilla/5.0 (compatible; Linux x86_64; Mail.RU_Bot/2.0; +http://go.mail.ru/help/robots)" - - old.parallel.ru
217.69.133.30 - - [09/Oct/2016:22:23:21 +0300] "GET /parallel/info/books/ HTTP/1.0" 200 1530 "-" "Mozilla/5.0 (compatible; Linux x86_64; Mail.RU_Bot/2.0; +http://go.mail.ru/help/robots)" - - old.parallel.ru
217.69.133.29 - - [09/Oct/2016:22:23:27 +0300] "GET /parallel/info/parallel/voevodin/ HTTP/1.0" 304 - "-" "Mozilla/5.0 (compatible; Linux x86_64; Mail.RU_Bot/2.0; +http://go.mail.ru/help/robots)" - - old.parallel.ru
180.76.15.151 - - [09/Oct/2016:22:24:38 +0300] "GET /parallel/computers/benchmarks/spec.html HTTP/1.0" 200 6701 "-" "Mozilla/5.0 (compatible; Baiduspider/2.0; +http://www.baidu.com/search/spider.html)" - - old.parallel.ru
66.249.76.91 - - [09/Oct/2016:22:33:59 +0300] "GET /parallel/cluster/perf_dwarf.html HTTP/1.0" 200 6023 "-" "Mozilla/5.0 (compatible; Googlebot/2.1; +http://www.google.com/bot.html)" - - old.parallel.ru
180.76.15.143 - - [09/Oct/2016:22:35:25 +0300] "GET /ftp/benchmarks/007/?C=S;O=D HTTP/1.0" 200 662 "-" "Mozilla/5.0 (compatible; Baiduspider/2.0; +http://www.baidu.com/search/spider.html)" - - old.parallel.ru
82.145.222.52 - - [09/Oct/2016:22:38:21 +0300] "GET /images/computers/cray1_big.jpg HTTP/1.0" 200 218742 "-" "Mozilla/5.0 (Windows NT 6.2) AppleWebKit/537.36 (KHTML, like Gecko) Chrome/53.0.2785.116 Safari/537.36 OPR/40.0.2308.81" - - old.parallel.ru
180.76.15.135 - - [09/Oct/2016:22:59:39 +0300] "GET /system/10270 HTTP/1.0" 404 291 "-" "Mozilla/5.0 (compatible; Baiduspider/2.0; +http://www.baidu.com/search/spider.html)" - - old.parallel.ru
176.195.15.55 - - [09/Oct/2016:23:11:21 +0300] "GET /parallel/cluster/images/lomonosov/lomonosov_32s.jpg HTTP/1.0" 200 55329 "-" "Mozilla/5.0 (Macintosh; Intel Mac OS X 10_12) AppleWebKit/602.1.50 (KHTML, like Gecko) Version/10.0 Safari/602.1.50" - - old.parallel.ru
54.161.59.226 - - [09/Oct/2016:23:18:32 +0300] "GET /robots.txt HTTP/1.0" 404 289 "-" "Mozilla/5.0 (compatible; linkdexbot/2.0; +http://www.linkdex.com/bots/)" - - old.parallel.ru
54.161.59.226 - - [09/Oct/2016:23:18:32 +0300] "GET /parallel/computers/top500.list18.html HTTP/1.0" 200 18548 "-" "Mozilla/5.0 (compatible; linkdexbot/2.0; +http://www.linkdex.com/bots/)" - - old.parallel.ru
40.77.167.51 - - [09/Oct/2016:23:18:57 +0300] "GET /parallel/news/sun_ultrasparc400mhz.html HTTP/1.0" 200 1039 "-" "Mozilla/5.0 (compatible; bingbot/2.0; +http://www.bing.com/bingbot.htm)" - - old.parallel.ru
54.161.59.226 - - [09/Oct/2016:23:42:05 +0300] "GET /computers/top500.list18.html HTTP/1.0" 200 18548 "-" "Mozilla/5.0 (compatible; linkdexbot/2.0; +http://www.linkdex.com/bots/)" - - old.parallel.ru
54.161.59.226 - - [09/Oct/2016:23:42:05 +0300] "GET /robots.txt HTTP/1.0" 404 289 "-" "Mozilla/5.0 (compatible; linkdexbot/2.0; +http://www.linkdex.com/bots/)" - - old.parallel.ru
192.99.147.201 - - [09/Oct/2016:23:47:35 +0300] "GET /parallel/parallel/computers/top500.list36.html HTTP/1.0" 200 20713 "-" "Mozilla/5.0 (Windows NT 6.3; WOW64) AppleWebKit/537.36 (KHTML, like Gecko) Chrome/34.0.1847.137 Safari/537.36" - - old.parallel.ru
217.69.133.31 - - [09/Oct/2016:23:55:29 +0300] "GET /robots.txt HTTP/1.0" 404 289 "-" "Mozilla/5.0 (compatible; Linux x86_64; Mail.RU_Bot/2.0; +http://go.mail.ru/help/robots)" - - old.parallel.ru
217.69.133.30 - - [09/Oct/2016:23:55:30 +0300] "GET /info/VVV/05.pdf HTTP/1.0" 200 562701 "-" "Mozilla/5.0 (compatible; Linux x86_64; Mail.RU_Bot/2.0; +http://go.mail.ru/help/robots)" - - old.parallel.ru
217.69.133.72 - - [09/Oct/2016:23:55:33 +0300] "GET /russia/people/lukianov.html HTTP/1.0" 200 1984 "-" "Mozilla/5.0 (compatible; Linux x86_64; Mail.RU_Bot/2.0; +http://go.mail.ru/help/robots)" - - old.parallel.ru
217.69.133.192 - - [09/Oct/2016:23:55:35 +0300] "GET /news/sandia_ia.html HTTP/1.0" 200 1557 "-" "Mozilla/5.0 (compatible; Linux x86_64; Mail.RU_Bot/2.0; +http://go.mail.ru/help/robots)" - - old.parallel.ru
217.69.133.60 - - [09/Oct/2016:23:55:37 +0300] "GET /ftp/openmp/?C=M;O=D HTTP/1.0" 200 771 "-" "Mozilla/5.0 (compatible; Linux x86_64; Mail.RU_Bot/2.0; +http://go.mail.ru/help/robots)" - - old.parallel.ru
217.69.133.192 - - [09/Oct/2016:23:55:40 +0300] "GET /parallel/parallel/russia/map/data/project05.html HTTP/1.0" 200 1796 "-" "Mozilla/5.0 (compatible; Linux x86_64; Mail.RU_Bot/2.0; +http://go.mail.ru/help/robots)" - - old.parallel.ru
217.69.133.28 - - [09/Oct/2016:23:55:43 +0300] "GET /parallel/parallel/russia/map/data/project14.html HTTP/1.0" 200 3241 "-" "Mozilla/5.0 (compatible; Linux x86_64; Mail.RU_Bot/2.0; +http://go.mail.ru/help/robots)" - - old.parallel.ru
217.69.133.60 - - [09/Oct/2016:23:55:46 +0300] "GET /parallel/russia/map/data/template.html HTTP/1.0" 200 2552 "-" "Mozilla/5.0 (compatible; Linux x86_64; Mail.RU_Bot/2.0; +http://go.mail.ru/help/robots)" - - old.parallel.ru
217.69.133.30 - - [09/Oct/2016:23:55:49 +0300] "GET /news/sun_roadmap.html HTTP/1.0" 200 1425 "-" "Mozilla/5.0 (compatible; Linux x86_64; Mail.RU_Bot/2.0; +http://go.mail.ru/help/robots)" - - old.parallel.ru
217.69.133.28 - - [09/Oct/2016:23:55:58 +0300] "GET /ftp/openmp/OpenMP.ppt HTTP/1.0" 200 322048 "-" "Mozilla/5.0 (compatible; Linux x86_64; Mail.RU_Bot/2.0; +http://go.mail.ru/help/robots)" - - old.parallel.ru
217.69.133.28 - - [09/Oct/2016:23:56:00 +0300] "GET /ftp/benchmarks/queens/ HTTP/1.0" 200 471 "-" "Mozilla/5.0 (compatible; Linux x86_64; Mail.RU_Bot/2.0; +http://go.mail.ru/help/robots)" - - old.parallel.ru
217.69.133.31 - - [09/Oct/2016:23:56:08 +0300] "GET /parallel/parascope/ HTTP/1.0" 200 40553 "-" "Mozilla/5.0 (compatible; Linux x86_64; Mail.RU_Bot/2.0; +http://go.mail.ru/help/robots)" - - old.parallel.ru
180.76.15.26 - - [09/Oct/2016:23:58:23 +0300] "GET /ftp/computers/beowulf/apps2.pdf HTTP/1.0" 200 483074 "-" "Mozilla/5.0 (compatible; Baiduspider/2.0; +http://www.baidu.com/search/spider.html)" - - old.parallel.ru
180.76.15.138 - - [10/Oct/2016:00:03:21 +0300] "GET /ftp/benchmarks/netlib/vector.bit.gz HTTP/1.0" 200 2653 "-" "Mozilla/5.0 (compatible; Baiduspider/2.0; +http://www.baidu.com/search/spider.html)" - - old.parallel.ru
54.88.126.189 - - [10/Oct/2016:00:05:10 +0300] "GET /robots.txt HTTP/1.0" 404 289 "-" "Mozilla/5.0 (compatible; linkdexbot/2.0; +http://www.linkdex.com/bots/)" - - old.parallel.ru
54.88.126.189 - - [10/Oct/2016:00:05:10 +0300] "GET /parallel/computers/top500.list11.html HTTP/1.0" 200 18415 "-" "Mozilla/5.0 (compatible; linkdexbot/2.0; +http://www.linkdex.com/bots/)" - - old.parallel.ru
66.249.76.87 - - [10/Oct/2016:00:13:34 +0300] "GET /robots.txt HTTP/1.0" 404 289 "-" "Mozilla/5.0 (compatible; Googlebot/2.1; +http://www.google.com/bot.html)" - - old.parallel.ru
66.249.73.129 - - [10/Oct/2016:00:13:34 +0300] "GET /meta HTTP/1.0" 301 317 "-" "Mozilla/5.0 (compatible; Googlebot/2.1; +http://www.google.com/bot.html)" - - old.parallel.ru
66.249.76.87 - - [10/Oct/2016:00:13:41 +0300] "GET /meta/ HTTP/1.0" 200 1323 "-" "Mozilla/5.0 (compatible; Googlebot/2.1; +http://www.google.com/bot.html)" - - old.parallel.ru
180.76.15.5 - - [10/Oct/2016:00:37:11 +0300] "GET /system/11065 HTTP/1.0" 404 291 "-" "Mozilla/5.0 (compatible; Baiduspider/2.0; +http://www.baidu.com/search/spider.html)" - - old.parallel.ru
192.99.147.201 - - [10/Oct/2016:00:40:18 +0300] "GET /parallel/computers/top500.list.html HTTP/1.0" 200 22812 "-" "Mozilla/5.0 (Windows NT 6.3; WOW64) AppleWebKit/537.36 (KHTML, like Gecko) Chrome/34.0.1847.137 Safari/537.36" - - old.parallel.ru
54.161.59.226 - - [10/Oct/2016:00:44:17 +0300] "GET / HTTP/1.0" 200 399 "-" "Mozilla/5.0 (compatible; linkdexbot/2.0; +http://www.linkdex.com/bots/)" - - old.parallel.ru
31.173.85.90 - - [10/Oct/2016:00:47:23 +0300] "GET /parallel/cluster/images/lomonosov/lomonosov_11s.jpg HTTP/1.0" 200 24034 "-" "Mozilla/5.0 (Windows NT 6.3; WOW64) AppleWebKit/537.36 (KHTML, like Gecko) Chrome/53.0.2785.143 Safari/537.36" - - old.parallel.ru
31.173.85.90 - - [10/Oct/2016:00:47:25 +0300] "GET /cluster/images/lomonosov/lomonosov_22s.jpg HTTP/1.0" 200 16721 "-" "Mozilla/5.0 (Windows NT 6.3; WOW64) AppleWebKit/537.36 (KHTML, like Gecko) Chrome/53.0.2785.143 Safari/537.36" - - old.parallel.ru
31.173.85.90 - - [10/Oct/2016:00:47:27 +0300] "GET /parallel/cluster/images/lomonosov/lomonosov_32s.jpg HTTP/1.0" 200 55329 "-" "Mozilla/5.0 (Windows NT 6.3; WOW64) AppleWebKit/537.36 (KHTML, like Gecko) Chrome/53.0.2785.143 Safari/537.36" - - old.parallel.ru
54.210.241.74 - - [10/Oct/2016:00:54:35 +0300] "GET /robots.txt HTTP/1.0" 404 289 "-" "Mozilla/5.0 (compatible; linkdexbot/2.0; +http://www.linkdex.com/bots/)" - - old.parallel.ru
54.210.241.74 - - [10/Oct/2016:00:54:35 +0300] "GET /computers/top500.list11.html HTTP/1.0" 200 18415 "-" "Mozilla/5.0 (compatible; linkdexbot/2.0; +http://www.linkdex.com/bots/)" - - old.parallel.ru
180.76.15.140 - - [10/Oct/2016:00:55:35 +0300] "GET /parallel/news/index2004.html HTTP/1.0" 200 15073 "-" "Mozilla/5.0 (compatible; Baiduspider/2.0; +http://www.baidu.com/search/spider.html)" - - old.parallel.ru
40.77.167.62 - - [10/Oct/2016:01:16:34 +0300] "GET / HTTP/1.0" 200 399 "-" "Mozilla/5.0 (compatible; bingbot/2.0; +http://www.bing.com/bingbot.htm)" - - old.parallel.ru
54.161.59.226 - - [10/Oct/2016:01:25:08 +0300] "GET /robots.txt HTTP/1.0" 404 289 "-" "Mozilla/5.0 (compatible; linkdexbot/2.0; +http://www.linkdex.com/bots/)" - - old.parallel.ru
54.161.59.226 - - [10/Oct/2016:01:25:08 +0300] "GET /parallel/computers/top500.list19.html HTTP/1.0" 200 24255 "-" "Mozilla/5.0 (compatible; linkdexbot/2.0; +http://www.linkdex.com/bots/)" - - old.parallel.ru
54.161.59.226 - - [10/Oct/2016:01:27:24 +0300] "GET /computers/top500.list19.html HTTP/1.0" 200 24255 "-" "Mozilla/5.0 (compatible; linkdexbot/2.0; +http://www.linkdex.com/bots/)" - - old.parallel.ru
217.69.133.72 - - [10/Oct/2016:01:28:32 +0300] "GET /robots.txt HTTP/1.0" 404 289 "-" "Mozilla/5.0 (compatible; Linux x86_64; Mail.RU_Bot/2.0; +http://go.mail.ru/help/robots)" - - old.parallel.ru
217.69.133.192 - - [10/Oct/2016:01:28:34 +0300] "GET /text-map.html HTTP/1.0" 304 - "-" "Mozilla/5.0 (compatible; Linux x86_64; Mail.RU_Bot/2.0; +http://go.mail.ru/help/robots)" - - old.parallel.ru
217.69.133.59 - - [10/Oct/2016:01:28:35 +0300] "GET /russia/people/efimkin.html HTTP/1.0" 200 988 "-" "Mozilla/5.0 (compatible; Linux x86_64; Mail.RU_Bot/2.0; +http://go.mail.ru/help/robots)" - - old.parallel.ru
217.69.133.60 - - [10/Oct/2016:01:28:37 +0300] "GET /russia/people/kapitonova.html HTTP/1.0" 200 887 "-" "Mozilla/5.0 (compatible; Linux x86_64; Mail.RU_Bot/2.0; +http://go.mail.ru/help/robots)" - - old.parallel.ru
217.69.133.72 - - [10/Oct/2016:01:28:38 +0300] "GET /parallel/service.html HTTP/1.0" 200 1666 "-" "Mozilla/5.0 (compatible; Linux x86_64; Mail.RU_Bot/2.0; +http://go.mail.ru/help/robots)" - - old.parallel.ru
217.69.133.60 - - [10/Oct/2016:01:28:40 +0300] "GET /info/ctwatchquarterly-5.pdf HTTP/1.0" 304 - "-" "Mozilla/5.0 (compatible; Linux x86_64; Mail.RU_Bot/2.0; +http://go.mail.ru/help/robots)" - - old.parallel.ru
217.69.133.60 - - [10/Oct/2016:01:28:41 +0300] "GET /tech/norma/compute.htm HTTP/1.0" 200 1789 "-" "Mozilla/5.0 (compatible; Linux x86_64; Mail.RU_Bot/2.0; +http://go.mail.ru/help/robots)" - - old.parallel.ru
217.69.133.31 - - [10/Oct/2016:01:28:42 +0300] "GET /tech/tech_dev/MPIcourse/tasks2.html HTTP/1.0" 200 1169 "-" "Mozilla/5.0 (compatible; Linux x86_64; Mail.RU_Bot/2.0; +http://go.mail.ru/help/robots)" - - old.parallel.ru
217.69.133.60 - - [10/Oct/2016:01:28:45 +0300] "GET /russia/people/aladyshev.html HTTP/1.0" 200 1742 "-" "Mozilla/5.0 (compatible; Linux x86_64; Mail.RU_Bot/2.0; +http://go.mail.ru/help/robots)" - - old.parallel.ru
217.69.133.60 - - [10/Oct/2016:01:28:47 +0300] "GET /parallel/parallel/russia/people/paata.html HTTP/1.0" 200 817 "-" "Mozilla/5.0 (compatible; Linux x86_64; Mail.RU_Bot/2.0; +http://go.mail.ru/help/robots)" - - old.parallel.ru
217.69.133.72 - - [10/Oct/2016:01:28:49 +0300] "GET /parallel/parallel/russia/map/data/project39.html HTTP/1.0" 200 2611 "-" "Mozilla/5.0 (compatible; Linux x86_64; Mail.RU_Bot/2.0; +http://go.mail.ru/help/robots)" - - old.parallel.ru
217.69.133.29 - - [10/Oct/2016:01:28:51 +0300] "GET /ftp/libs/atlas/ HTTP/1.0" 200 697 "-" "Mozilla/5.0 (compatible; Linux x86_64; Mail.RU_Bot/2.0; +http://go.mail.ru/help/robots)" - - old.parallel.ru
217.69.133.29 - - [10/Oct/2016:01:28:54 +0300] "GET /computers/top500.list20.html HTTP/1.0" 200 30536 "-" "Mozilla/5.0 (compatible; Linux x86_64; Mail.RU_Bot/2.0; +http://go.mail.ru/help/robots)" - - old.parallel.ru
217.69.133.31 - - [10/Oct/2016:01:28:58 +0300] "GET /conferences/pz2003.html HTTP/1.0" 200 2936 "-" "Mozilla/5.0 (compatible; Linux x86_64; Mail.RU_Bot/2.0; +http://go.mail.ru/help/robots)" - - old.parallel.ru
217.69.133.192 - - [10/Oct/2016:01:29:00 +0300] "GET /ftp/beowulf/?C=S;O=A HTTP/1.0" 200 546 "-" "Mozilla/5.0 (compatible; Linux x86_64; Mail.RU_Bot/2.0; +http://go.mail.ru/help/robots)" - - old.parallel.ru
217.69.133.28 - - [10/Oct/2016:01:29:05 +0300] "GET /parallel/tech/norma/declar12.htm HTTP/1.0" 304 - "-" "Mozilla/5.0 (compatible; Linux x86_64; Mail.RU_Bot/2.0; +http://go.mail.ru/help/robots)" - - old.parallel.ru
180.76.15.19 - - [10/Oct/2016:01:32:52 +0300] "GET /ftp/libs/atlas/?C=N;O=A HTTP/1.0" 200 697 "-" "Mozilla/5.0 (compatible; Baiduspider/2.0; +http://www.baidu.com/search/spider.html)" - - old.parallel.ru
180.76.15.154 - - [10/Oct/2016:01:37:08 +0300] "GET /ftp/mpi/doc/hpmpi_1.4_ug.pdf HTTP/1.0" 200 572289 "-" "Mozilla/5.0 (compatible; Baiduspider/2.0; +http://www.baidu.com/search/spider.html)" - - old.parallel.ru
157.55.39.40 - - [10/Oct/2016:02:08:00 +0300] "GET /robots.txt HTTP/1.0" 404 289 "-" "Mozilla/5.0 (compatible; bingbot/2.0; +http://www.bing.com/bingbot.htm)" - - old.parallel.ru
157.55.39.57 - - [10/Oct/2016:02:08:00 +0300] "GET /robots.txt HTTP/1.0" 404 289 "-" "Mozilla/5.0 (compatible; bingbot/2.0; +http://www.bing.com/bingbot.htm)" - - old.parallel.ru
126.117.192.105 - - [10/Oct/2016:02:11:33 +0300] "GET /v-ray/index_e.html HTTP/1.0" 200 302 "-" "Mozilla/5.0 (iPhone; CPU iPhone OS 10_0_2 like Mac OS X) AppleWebKit/602.1.50 (KHTML, like Gecko) Version/10.0 Mobile/14A456 Safari/602.1" - - old.parallel.ru
126.117.192.105 - - [10/Oct/2016:02:11:34 +0300] "GET /apple-touch-icon-120x120-precomposed.png HTTP/1.0" 404 319 "-" "MobileSafari/602.1 CFNetwork/808.0.2 Darwin/16.0.0" - - old.parallel.ru
126.117.192.105 - - [10/Oct/2016:02:11:34 +0300] "GET /apple-touch-icon-120x120.png HTTP/1.0" 404 307 "-" "MobileSafari/602.1 CFNetwork/808.0.2 Darwin/16.0.0" - - old.parallel.ru
126.117.192.105 - - [10/Oct/2016:02:11:34 +0300] "GET /apple-touch-icon-precomposed.png HTTP/1.0" 404 311 "-" "MobileSafari/602.1 CFNetwork/808.0.2 Darwin/16.0.0" - - old.parallel.ru
126.117.192.105 - - [10/Oct/2016:02:11:35 +0300] "GET /apple-touch-icon.png HTTP/1.0" 404 299 "-" "MobileSafari/602.1 CFNetwork/808.0.2 Darwin/16.0.0" - - old.parallel.ru
126.117.192.105 - - [10/Oct/2016:02:11:35 +0300] "GET /favicon.ico HTTP/1.0" 404 290 "-" "MobileSafari/602.1 CFNetwork/808.0.2 Darwin/16.0.0" - - old.parallel.ru
126.117.192.105 - - [10/Oct/2016:02:11:36 +0300] "GET /apple-touch-icon-120x120-precomposed.png HTTP/1.0" 404 319 "-" "MobileSafari/602.1 CFNetwork/808.0.2 Darwin/16.0.0" - - old.parallel.ru
126.117.192.105 - - [10/Oct/2016:02:11:36 +0300] "GET /apple-touch-icon-120x120.png HTTP/1.0" 404 307 "-" "MobileSafari/602.1 CFNetwork/808.0.2 Darwin/16.0.0" - - old.parallel.ru
126.117.192.105 - - [10/Oct/2016:02:11:36 +0300] "GET /apple-touch-icon-precomposed.png HTTP/1.0" 404 311 "-" "MobileSafari/602.1 CFNetwork/808.0.2 Darwin/16.0.0" - - old.parallel.ru
126.117.192.105 - - [10/Oct/2016:02:11:37 +0300] "GET /apple-touch-icon.png HTTP/1.0" 404 299 "-" "MobileSafari/602.1 CFNetwork/808.0.2 Darwin/16.0.0" - - old.parallel.ru
126.117.192.105 - - [10/Oct/2016:02:11:37 +0300] "GET /favicon.ico HTTP/1.0" 404 290 "-" "MobileSafari/602.1 CFNetwork/808.0.2 Darwin/16.0.0" - - old.parallel.ru
40.77.167.51 - - [10/Oct/2016:02:15:43 +0300] "GET /parallel/news/sgi_origin2000nz.html HTTP/1.0" 200 1152 "-" "Mozilla/5.0 (compatible; bingbot/2.0; +http://www.bing.com/bingbot.htm)" - - old.parallel.ru
40.77.167.51 - - [10/Oct/2016:02:15:43 +0300] "GET /computers/taxonomy/dasgupta.html HTTP/1.0" 200 4399 "-" "Mozilla/5.0 (compatible; bingbot/2.0; +http://www.bing.com/bingbot.htm)" - - old.parallel.ru
40.77.167.51 - - [10/Oct/2016:02:15:44 +0300] "GET /parallel/news/2011_rec_sct-center.html HTTP/1.0" 200 7764 "-" "Mozilla/5.0 (compatible; bingbot/2.0; +http://www.bing.com/bingbot.htm)" - - old.parallel.ru
40.77.167.51 - - [10/Oct/2016:02:15:44 +0300] "GET /parallel/computers/top500.list14.html HTTP/1.0" 200 18840 "-" "Mozilla/5.0 (compatible; bingbot/2.0; +http://www.bing.com/bingbot.htm)" - - old.parallel.ru
40.77.167.51 - - [10/Oct/2016:02:15:44 +0300] "GET /computers/systems.html HTTP/1.0" 200 10323 "-" "Mozilla/5.0 (compatible; bingbot/2.0; +http://www.bing.com/bingbot.htm)" - - old.parallel.ru
40.77.167.51 - - [10/Oct/2016:02:15:44 +0300] "GET /parallel/computers/ HTTP/1.0" 200 4185 "-" "Mozilla/5.0 (compatible; bingbot/2.0; +http://www.bing.com/bingbot.htm)" - - old.parallel.ru
40.77.167.51 - - [10/Oct/2016:02:15:44 +0300] "GET /parallel/about/hist1999.html HTTP/1.0" 200 7816 "-" "Mozilla/5.0 (compatible; bingbot/2.0; +http://www.bing.com/bingbot.htm)" - - old.parallel.ru
40.77.167.51 - - [10/Oct/2016:02:15:45 +0300] "GET /history/cray1.html HTTP/1.0" 200 6896 "-" "Mozilla/5.0 (compatible; bingbot/2.0; +http://www.bing.com/bingbot.htm)" - - old.parallel.ru
40.77.167.51 - - [10/Oct/2016:02:15:45 +0300] "GET /conferences/conf_by_date.html HTTP/1.0" 200 5062 "-" "Mozilla/5.0 (compatible; bingbot/2.0; +http://www.bing.com/bingbot.htm)" - - old.parallel.ru
40.77.167.51 - - [10/Oct/2016:02:15:45 +0300] "GET /computers/top500.list26.html HTTP/1.0" 200 22740 "-" "Mozilla/5.0 (compatible; bingbot/2.0; +http://www.bing.com/bingbot.htm)" - - old.parallel.ru
40.77.167.51 - - [10/Oct/2016:02:15:45 +0300] "GET /computers/taxonomy/hockney.html HTTP/1.0" 200 2399 "-" "Mozilla/5.0 (compatible; bingbot/2.0; +http://www.bing.com/bingbot.htm)" - - old.parallel.ru
66.249.76.89 - - [10/Oct/2016:02:29:43 +0300] "GET /about/hist2004.html HTTP/1.0" 200 2607 "-" "Mozilla/5.0 (compatible; Googlebot/2.1; +http://www.google.com/bot.html)" - - old.parallel.ru
40.77.167.62 - - [10/Oct/2016:02:38:09 +0300] "GET /text-map.html HTTP/1.0" 200 4760 "-" "Mozilla/5.0 (compatible; bingbot/2.0; +http://www.bing.com/bingbot.htm)" - - old.parallel.ru
40.77.167.62 - - [10/Oct/2016:02:38:09 +0300] "GET /computers/taxonomy/feng.html HTTP/1.0" 200 2990 "-" "Mozilla/5.0 (compatible; bingbot/2.0; +http://www.bing.com/bingbot.htm)" - - old.parallel.ru
40.77.167.62 - - [10/Oct/2016:02:38:09 +0300] "GET /parallel/seminar/seminar1.html HTTP/1.0" 200 1192 "-" "Mozilla/5.0 (compatible; bingbot/2.0; +http://www.bing.com/bingbot.htm)" - - old.parallel.ru
40.77.167.62 - - [10/Oct/2016:02:38:09 +0300] "GET /parallel/parallel/computers/top500.list12.html HTTP/1.0" 200 18547 "-" "Mozilla/5.0 (compatible; bingbot/2.0; +http://www.bing.com/bingbot.htm)" - - old.parallel.ru
40.77.167.62 - - [10/Oct/2016:02:38:10 +0300] "GET /parallel/news/index2007.html HTTP/1.0" 200 24431 "-" "Mozilla/5.0 (compatible; bingbot/2.0; +http://www.bing.com/bingbot.htm)" - - old.parallel.ru
40.77.167.62 - - [10/Oct/2016:02:38:11 +0300] "GET /parallel/news/index1999.html HTTP/1.0" 200 8332 "-" "Mozilla/5.0 (compatible; bingbot/2.0; +http://www.bing.com/bingbot.htm)" - - old.parallel.ru
40.77.167.62 - - [10/Oct/2016:02:38:11 +0300] "GET /parallel/computers/top500.list22.html HTTP/1.0" 200 27594 "-" "Mozilla/5.0 (compatible; bingbot/2.0; +http://www.bing.com/bingbot.htm)" - - old.parallel.ru
40.77.167.62 - - [10/Oct/2016:02:38:12 +0300] "GET /parallel/computers/top500.list19.html HTTP/1.0" 200 24255 "-" "Mozilla/5.0 (compatible; bingbot/2.0; +http://www.bing.com/bingbot.htm)" - - old.parallel.ru
40.77.167.62 - - [10/Oct/2016:02:38:12 +0300] "GET /parallel/computers/top500.list16.html HTTP/1.0" 200 23415 "-" "Mozilla/5.0 (compatible; bingbot/2.0; +http://www.bing.com/bingbot.htm)" - - old.parallel.ru
40.77.167.62 - - [10/Oct/2016:02:38:13 +0300] "GET /computers/interconnects.html HTTP/1.0" 200 6469 "-" "Mozilla/5.0 (compatible; bingbot/2.0; +http://www.bing.com/bingbot.htm)" - - old.parallel.ru
40.77.167.62 - - [10/Oct/2016:02:38:13 +0300] "GET /news/index1999.html HTTP/1.0" 200 8332 "-" "Mozilla/5.0 (compatible; bingbot/2.0; +http://www.bing.com/bingbot.htm)" - - old.parallel.ru
40.77.167.62 - - [10/Oct/2016:02:38:13 +0300] "GET /info/parallel_intel.html HTTP/1.0" 200 5867 "-" "Mozilla/5.0 (compatible; bingbot/2.0; +http://www.bing.com/bingbot.htm)" - - old.parallel.ru
40.77.167.62 - - [10/Oct/2016:02:38:13 +0300] "GET /ftp/mpi/ HTTP/1.0" 200 1047 "-" "Mozilla/5.0 (compatible; bingbot/2.0; +http://www.bing.com/bingbot.htm)" - - old.parallel.ru
40.77.167.62 - - [10/Oct/2016:02:38:14 +0300] "GET /conferences/ HTTP/1.0" 200 2858 "-" "Mozilla/5.0 (compatible; bingbot/2.0; +http://www.bing.com/bingbot.htm)" - - old.parallel.ru
40.77.167.62 - - [10/Oct/2016:02:38:14 +0300] "GET /computers/vendors.html HTTP/1.0" 200 6239 "-" "Mozilla/5.0 (compatible; bingbot/2.0; +http://www.bing.com/bingbot.htm)" - - old.parallel.ru
40.77.167.62 - - [10/Oct/2016:02:38:14 +0300] "GET /computers/top500.list38.html HTTP/1.0" 200 22812 "-" "Mozilla/5.0 (compatible; bingbot/2.0; +http://www.bing.com/bingbot.htm)" - - old.parallel.ru
40.77.167.62 - - [10/Oct/2016:02:38:14 +0300] "GET /computers/top500.list23.html HTTP/1.0" 200 28031 "-" "Mozilla/5.0 (compatible; bingbot/2.0; +http://www.bing.com/bingbot.htm)" - - old.parallel.ru
40.77.167.62 - - [10/Oct/2016:02:38:14 +0300] "GET /computers/top500.list18.html HTTP/1.0" 200 18548 "-" "Mozilla/5.0 (compatible; bingbot/2.0; +http://www.bing.com/bingbot.htm)" - - old.parallel.ru
40.77.167.62 - - [10/Oct/2016:02:38:14 +0300] "GET /computers/top500.list17.html HTTP/1.0" 200 20335 "-" "Mozilla/5.0 (compatible; bingbot/2.0; +http://www.bing.com/bingbot.htm)" - - old.parallel.ru
40.77.167.62 - - [10/Oct/2016:02:38:15 +0300] "GET /computers/taxonomy/snyder.html HTTP/1.0" 200 5147 "-" "Mozilla/5.0 (compatible; bingbot/2.0; +http://www.bing.com/bingbot.htm)" - - old.parallel.ru
40.77.167.62 - - [10/Oct/2016:02:38:15 +0300] "GET /computers/taxonomy/skillicorn.html HTTP/1.0" 200 3620 "-" "Mozilla/5.0 (compatible; bingbot/2.0; +http://www.bing.com/bingbot.htm)" - - old.parallel.ru
40.77.167.62 - - [10/Oct/2016:02:38:15 +0300] "GET /computers/taxonomy/shore.html HTTP/1.0" 200 3154 "-" "Mozilla/5.0 (compatible; bingbot/2.0; +http://www.bing.com/bingbot.htm)" - - old.parallel.ru
40.77.167.62 - - [10/Oct/2016:02:38:15 +0300] "GET /computers/taxonomy/references.html HTTP/1.0" 200 3392 "-" "Mozilla/5.0 (compatible; bingbot/2.0; +http://www.bing.com/bingbot.htm)" - - old.parallel.ru
40.77.167.62 - - [10/Oct/2016:02:38:15 +0300] "GET /computers/taxonomy/flynn.html HTTP/1.0" 200 3404 "-" "Mozilla/5.0 (compatible; bingbot/2.0; +http://www.bing.com/bingbot.htm)" - - old.parallel.ru
217.69.133.29 - - [10/Oct/2016:03:01:35 +0300] "GET /robots.txt HTTP/1.0" 404 289 "-" "Mozilla/5.0 (compatible; Linux x86_64; Mail.RU_Bot/2.0; +http://go.mail.ru/help/robots)" - - old.parallel.ru
217.69.133.31 - - [10/Oct/2016:03:01:37 +0300] "GET /parallel/news/compaq_profusion.html HTTP/1.0" 200 2151 "-" "Mozilla/5.0 (compatible; Linux x86_64; Mail.RU_Bot/2.0; +http://go.mail.ru/help/robots)" - - old.parallel.ru
217.69.133.29 - - [10/Oct/2016:03:01:38 +0300] "GET /conferences/gelatoICE_attendee_prospectus.pdf HTTP/1.0" 200 314109 "-" "Mozilla/5.0 (compatible; Linux x86_64; Mail.RU_Bot/2.0; +http://go.mail.ru/help/robots)" - - old.parallel.ru
217.69.133.59 - - [10/Oct/2016:03:01:39 +0300] "GET /cluster/pcgamess.html HTTP/1.0" 304 - "-" "Mozilla/5.0 (compatible; Linux x86_64; Mail.RU_Bot/2.0; +http://go.mail.ru/help/robots)" - - old.parallel.ru
217.69.133.30 - - [10/Oct/2016:03:01:41 +0300] "GET /parallel/info/VVV/10.pdf HTTP/1.0" 304 - "-" "Mozilla/5.0 (compatible; Linux x86_64; Mail.RU_Bot/2.0; +http://go.mail.ru/help/robots)" - - old.parallel.ru
217.69.133.30 - - [10/Oct/2016:03:01:42 +0300] "GET /parallel/cluster/scampi.html HTTP/1.0" 200 3521 "-" "Mozilla/5.0 (compatible; Linux x86_64; Mail.RU_Bot/2.0; +http://go.mail.ru/help/robots)" - - old.parallel.ru
217.69.133.30 - - [10/Oct/2016:03:01:44 +0300] "GET /parallel/parallel/russia/map/data/project10.html HTTP/1.0" 200 1638 "-" "Mozilla/5.0 (compatible; Linux x86_64; Mail.RU_Bot/2.0; +http://go.mail.ru/help/robots)" - - old.parallel.ru
217.69.133.192 - - [10/Oct/2016:03:01:47 +0300] "GET /parallel/tech/images/itera1.gif HTTP/1.0" 200 1212 "-" "Mozilla/5.0 (compatible; Linux x86_64; Mail.RU_Bot/2.0; +http://go.mail.ru/help/robots)" - - old.parallel.ru
217.69.133.59 - - [10/Oct/2016:03:01:48 +0300] "GET /news/ibm_regatta.html HTTP/1.0" 304 - "-" "Mozilla/5.0 (compatible; Linux x86_64; Mail.RU_Bot/2.0; +http://go.mail.ru/help/robots)" - - old.parallel.ru
217.69.133.29 - - [10/Oct/2016:03:01:51 +0300] "GET /info/stories/IBM_chips.html HTTP/1.0" 200 3251 "-" "Mozilla/5.0 (compatible; Linux x86_64; Mail.RU_Bot/2.0; +http://go.mail.ru/help/robots)" - - old.parallel.ru
180.76.15.157 - - [10/Oct/2016:03:09:01 +0300] "GET /images/?C=S;O=A HTTP/1.0" 200 2832 "-" "Mozilla/5.0 (compatible; Baiduspider/2.0; +http://www.baidu.com/search/spider.html)" - - old.parallel.ru
66.249.76.91 - - [10/Oct/2016:03:11:39 +0300] "GET /about/hist1999.html HTTP/1.0" 200 7816 "-" "Mozilla/5.0 (compatible; Googlebot/2.1; +http://www.google.com/bot.html)" - - old.parallel.ru
180.76.15.21 - - [10/Oct/2016:03:53:24 +0300] "GET /ftp/computers/nec/SX-6-Multi-node.pdf HTTP/1.0" 200 354893 "-" "Mozilla/5.0 (compatible; Baiduspider/2.0; +http://www.baidu.com/search/spider.html)" - - old.parallel.ru
141.8.142.23 - - [10/Oct/2016:03:55:27 +0300] "GET /robots.txt HTTP/1.0" 404 289 "-" "Mozilla/5.0 (compatible; YandexBot/3.0; +http://yandex.com/bots)" - - old.parallel.ru
141.8.142.23 - - [10/Oct/2016:03:55:31 +0300] "GET /russia/people/brodsky.html HTTP/1.0" 200 1119 "-" "Mozilla/5.0 (compatible; YandexBot/3.0; +http://yandex.com/bots)" - - old.parallel.ru
173.236.89.98 - - [10/Oct/2016:03:55:42 +0300] "GET /parallel/computers/top500.list18.html HTTP/1.0" 200 166445 "-" "Mozilla/4.0 (compatible; MSIE 8.0; Windows NT 6.0 ; Claritybot)" - - old.parallel.ru
180.76.15.19 - - [10/Oct/2016:04:06:23 +0300] "GET /images/computers/?C=M;O=A HTTP/1.0" 200 2582 "-" "Mozilla/5.0 (compatible; Baiduspider/2.0; +http://www.baidu.com/search/spider.html)" - - old.parallel.ru
180.76.15.25 - - [10/Oct/2016:04:08:06 +0300] "GET /ftp/benchmarks/vector/vector-d.sh HTTP/1.0" 200 193493 "-" "Mozilla/5.0 (compatible; Baiduspider/2.0; +http://www.baidu.com/search/spider.html)" - - old.parallel.ru
180.76.15.22 - - [10/Oct/2016:04:29:22 +0300] "GET /parallel/parallel/russia/people/letichevsky.html HTTP/1.0" 200 887 "-" "Mozilla/5.0 (compatible; Baiduspider/2.0; +http://www.baidu.com/search/spider.html)" - - old.parallel.ru
217.69.133.72 - - [10/Oct/2016:04:34:59 +0300] "GET /robots.txt HTTP/1.0" 404 289 "-" "Mozilla/5.0 (compatible; Linux x86_64; Mail.RU_Bot/2.0; +http://go.mail.ru/help/robots)" - - old.parallel.ru
217.69.133.72 - - [10/Oct/2016:04:35:01 +0300] "GET /info/books_eng.html HTTP/1.0" 200 2393 "-" "Mozilla/5.0 (compatible; Linux x86_64; Mail.RU_Bot/2.0; +http://go.mail.ru/help/robots)" - - old.parallel.ru
217.69.133.60 - - [10/Oct/2016:04:35:02 +0300] "GET /russia/people/zhumatiy.html HTTP/1.0" 304 - "-" "Mozilla/5.0 (compatible; Linux x86_64; Mail.RU_Bot/2.0; +http://go.mail.ru/help/robots)" - - old.parallel.ru
217.69.133.28 - - [10/Oct/2016:04:35:04 +0300] "GET /tech/opt/ HTTP/1.0" 200 3941 "-" "Mozilla/5.0 (compatible; Linux x86_64; Mail.RU_Bot/2.0; +http://go.mail.ru/help/robots)" - - old.parallel.ru
217.69.133.60 - - [10/Oct/2016:04:35:05 +0300] "GET /russia/people/akimova.html HTTP/1.0" 200 3672 "-" "Mozilla/5.0 (compatible; Linux x86_64; Mail.RU_Bot/2.0; +http://go.mail.ru/help/robots)" - - old.parallel.ru
217.69.133.30 - - [10/Oct/2016:04:35:08 +0300] "GET /tech/norma/speclang.htm HTTP/1.0" 200 1371 "-" "Mozilla/5.0 (compatible; Linux x86_64; Mail.RU_Bot/2.0; +http://go.mail.ru/help/robots)" - - old.parallel.ru
217.69.133.72 - - [10/Oct/2016:04:35:10 +0300] "GET /parallel/computers/interconnects.html HTTP/1.0" 200 6469 "-" "Mozilla/5.0 (compatible; Linux x86_64; Mail.RU_Bot/2.0; +http://go.mail.ru/help/robots)" - - old.parallel.ru
217.69.133.29 - - [10/Oct/2016:04:35:11 +0300] "GET /ftp/mpi/ HTTP/1.0" 200 1047 "-" "Mozilla/5.0 (compatible; Linux x86_64; Mail.RU_Bot/2.0; +http://go.mail.ru/help/robots)" - - old.parallel.ru
217.69.133.72 - - [10/Oct/2016:04:35:14 +0300] "GET /info/official.html HTTP/1.0" 200 1304 "-" "Mozilla/5.0 (compatible; Linux x86_64; Mail.RU_Bot/2.0; +http://go.mail.ru/help/robots)" - - old.parallel.ru
217.69.133.30 - - [10/Oct/2016:04:35:16 +0300] "GET /parallel/parallel/russia/people/tatur.html HTTP/1.0" 200 950 "-" "Mozilla/5.0 (compatible; Linux x86_64; Mail.RU_Bot/2.0; +http://go.mail.ru/help/robots)" - - old.parallel.ru
217.69.133.31 - - [10/Oct/2016:04:35:19 +0300] "GET /info/books/ HTTP/1.0" 200 1530 "-" "Mozilla/5.0 (compatible; Linux x86_64; Mail.RU_Bot/2.0; +http://go.mail.ru/help/robots)" - - old.parallel.ru
217.69.133.29 - - [10/Oct/2016:04:35:23 +0300] "GET /info/stories/blackholes.html HTTP/1.0" 200 3898 "-" "Mozilla/5.0 (compatible; Linux x86_64; Mail.RU_Bot/2.0; +http://go.mail.ru/help/robots)" - - old.parallel.ru
217.69.133.60 - - [10/Oct/2016:04:35:29 +0300] "GET /parallel/tech/norma/declar4.htm HTTP/1.0" 200 1240 "-" "Mozilla/5.0 (compatible; Linux x86_64; Mail.RU_Bot/2.0; +http://go.mail.ru/help/robots)" - - old.parallel.ru
217.69.133.59 - - [10/Oct/2016:04:35:32 +0300] "GET /ftp/computers/rambus/ HTTP/1.0" 200 473 "-" "Mozilla/5.0 (compatible; Linux x86_64; Mail.RU_Bot/2.0; +http://go.mail.ru/help/robots)" - - old.parallel.ru
217.69.133.30 - - [10/Oct/2016:04:35:40 +0300] "GET /computers/sci3d.html HTTP/1.0" 304 - "-" "Mozilla/5.0 (compatible; Linux x86_64; Mail.RU_Bot/2.0; +http://go.mail.ru/help/robots)" - - old.parallel.ru
217.69.133.192 - - [10/Oct/2016:04:35:48 +0300] "GET /forum/ HTTP/1.0" 302 - "-" "Mozilla/5.0 (compatible; Linux x86_64; Mail.RU_Bot/2.0; +http://go.mail.ru/help/robots)" - - old.parallel.ru
173.236.89.98 - - [10/Oct/2016:04:36:11 +0300] "GET /computers/top500.list18.html HTTP/1.0" 200 166445 "-" "Mozilla/4.0 (compatible; MSIE 8.0; Windows NT 6.0 ; Claritybot)" - - old.parallel.ru
180.76.15.143 - - [10/Oct/2016:04:52:58 +0300] "GET /parallel/news/sgi_bionumerik.html HTTP/1.0" 200 1082 "-" "Mozilla/5.0 (compatible; Baiduspider/2.0; +http://www.baidu.com/search/spider.html)" - - old.parallel.ru
180.76.15.138 - - [10/Oct/2016:04:56:23 +0300] "GET /system/10896 HTTP/1.0" 404 291 "-" "Mozilla/5.0 (compatible; Baiduspider/2.0; +http://www.baidu.com/search/spider.html)" - - old.parallel.ru
66.249.73.129 - - [10/Oct/2016:05:05:08 +0300] "GET /about/hist2005.html HTTP/1.0" 200 1966 "-" "Mozilla/5.0 (compatible; Googlebot/2.1; +http://www.google.com/bot.html)" - - old.parallel.ru
185.8.107.161 - - [10/Oct/2016:05:05:56 +0300] "GET /computers/top500.stat.html HTTP/1.0" 200 3480 "http://prosta.info" "Mozilla/5.0 (Windows NT 6.3; WOW64) AppleWebKit/537.36 (KHTML, like Gecko) Chrome/48.0.2564.116 Safari/537.36" - - old.parallel.ru
185.8.107.161 - - [10/Oct/2016:05:05:57 +0300] "GET /computers/top500.stat.html HTTP/1.0" 200 3480 "http://prosta.info" "Mozilla/5.0 (Windows NT 6.1; rv:43.0) Gecko/20100101 Firefox/43.0" - - old.parallel.ru
185.8.107.161 - - [10/Oct/2016:05:05:57 +0300] "GET /computers/top500.stat.html HTTP/1.0" 200 3480 "http://prosta.info" "Mozilla/5.0 (Windows NT 5.1; rv:43.0) Gecko/20100101 Firefox/43.0" - - old.parallel.ru
185.8.107.161 - - [10/Oct/2016:05:05:57 +0300] "GET /computers/top500.stat.html HTTP/1.0" 200 3480 "http://prosta.info" "Mozilla/5.0 (Windows NT 6.3; WOW64) AppleWebKit/537.36 (KHTML, like Gecko) Chrome/48.0.2564.116 Safari/537.36" - - old.parallel.ru
185.8.107.161 - - [10/Oct/2016:05:05:57 +0300] "GET /computers/top500.stat.html HTTP/1.0" 200 3480 "http://prosta.info" "Mozilla/5.0 (Windows NT 5.1; rv:43.0) Gecko/20100101 Firefox/43.0" - - old.parallel.ru
66.249.76.87 - - [10/Oct/2016:05:17:27 +0300] "GET /about/hist2002.html HTTP/1.0" 200 2196 "-" "Mozilla/5.0 (compatible; Googlebot/2.1; +http://www.google.com/bot.html)" - - old.parallel.ru
