66.249.76.91 - - [10/Oct/2016:05:54:45 +0300] "GET /history/vector_history.html HTTP/1.0" 200 3310 "-" "Mozilla/5.0 (compatible; Googlebot/2.1; +http://www.google.com/bot.html)" - - old.parallel.ru
217.69.133.31 - - [10/Oct/2016:06:07:35 +0300] "GET /robots.txt HTTP/1.0" 404 289 "-" "Mozilla/5.0 (compatible; Linux x86_64; Mail.RU_Bot/2.0; +http://go.mail.ru/help/robots)" - - old.parallel.ru
217.69.133.31 - - [10/Oct/2016:06:07:36 +0300] "GET /russia/russian_education.html HTTP/1.0" 200 3064 "-" "Mozilla/5.0 (compatible; Linux x86_64; Mail.RU_Bot/2.0; +http://go.mail.ru/help/robots)" - - old.parallel.ru
217.69.133.29 - - [10/Oct/2016:06:07:38 +0300] "GET /russia/people/dimitriev.html HTTP/1.0" 200 1655 "-" "Mozilla/5.0 (compatible; Linux x86_64; Mail.RU_Bot/2.0; +http://go.mail.ru/help/robots)" - - old.parallel.ru
217.69.133.59 - - [10/Oct/2016:06:07:39 +0300] "GET /news/ford_nasa.html HTTP/1.0" 200 1014 "-" "Mozilla/5.0 (compatible; Linux x86_64; Mail.RU_Bot/2.0; +http://go.mail.ru/help/robots)" - - old.parallel.ru
217.69.133.31 - - [10/Oct/2016:06:07:40 +0300] "GET /russia/people/tarkov.html HTTP/1.0" 304 - "-" "Mozilla/5.0 (compatible; Linux x86_64; Mail.RU_Bot/2.0; +http://go.mail.ru/help/robots)" - - old.parallel.ru
217.69.133.28 - - [10/Oct/2016:06:07:42 +0300] "GET /parallel/tech/norma/express.htm HTTP/1.0" 304 - "-" "Mozilla/5.0 (compatible; Linux x86_64; Mail.RU_Bot/2.0; +http://go.mail.ru/help/robots)" - - old.parallel.ru
217.69.133.29 - - [10/Oct/2016:06:07:44 +0300] "GET /ftp/?C=M;O=D HTTP/1.0" 200 900 "-" "Mozilla/5.0 (compatible; Linux x86_64; Mail.RU_Bot/2.0; +http://go.mail.ru/help/robots)" - - old.parallel.ru
217.69.133.29 - - [10/Oct/2016:06:07:46 +0300] "GET /parallel/parallel/russia/people/ryabov.html HTTP/1.0" 200 1069 "-" "Mozilla/5.0 (compatible; Linux x86_64; Mail.RU_Bot/2.0; +http://go.mail.ru/help/robots)" - - old.parallel.ru
217.69.133.29 - - [10/Oct/2016:06:07:49 +0300] "GET /parallel/parallel/russia/map/data/project01.html HTTP/1.0" 200 1927 "-" "Mozilla/5.0 (compatible; Linux x86_64; Mail.RU_Bot/2.0; +http://go.mail.ru/help/robots)" - - old.parallel.ru
217.69.133.192 - - [10/Oct/2016:06:07:51 +0300] "GET /ftp/computers/beowulf/?C=S;O=A HTTP/1.0" 200 687 "-" "Mozilla/5.0 (compatible; Linux x86_64; Mail.RU_Bot/2.0; +http://go.mail.ru/help/robots)" - - old.parallel.ru
217.69.133.28 - - [10/Oct/2016:06:07:54 +0300] "GET /conferences/nnov2005.html HTTP/1.0" 304 - "-" "Mozilla/5.0 (compatible; Linux x86_64; Mail.RU_Bot/2.0; +http://go.mail.ru/help/robots)" - - old.parallel.ru
217.69.133.60 - - [10/Oct/2016:06:07:55 +0300] "GET /computers/top500.list12.html HTTP/1.0" 200 18547 "-" "Mozilla/5.0 (compatible; Linux x86_64; Mail.RU_Bot/2.0; +http://go.mail.ru/help/robots)" - - old.parallel.ru
217.69.133.28 - - [10/Oct/2016:06:07:58 +0300] "GET /parallel/cluster/ HTTP/1.0" 200 4331 "-" "Mozilla/5.0 (compatible; Linux x86_64; Mail.RU_Bot/2.0; +http://go.mail.ru/help/robots)" - - old.parallel.ru
217.69.133.31 - - [10/Oct/2016:06:08:03 +0300] "GET /news/cray_warsaw.html HTTP/1.0" 200 1832 "-" "Mozilla/5.0 (compatible; Linux x86_64; Mail.RU_Bot/2.0; +http://go.mail.ru/help/robots)" - - old.parallel.ru
217.69.133.30 - - [10/Oct/2016:06:08:05 +0300] "GET /parallel/russia/people/valkovskij.html HTTP/1.0" 304 - "-" "Mozilla/5.0 (compatible; Linux x86_64; Mail.RU_Bot/2.0; +http://go.mail.ru/help/robots)" - - old.parallel.ru
217.69.133.60 - - [10/Oct/2016:06:08:07 +0300] "GET /parallel/russia/people/sokolinsky.html HTTP/1.0" 200 2365 "-" "Mozilla/5.0 (compatible; Linux x86_64; Mail.RU_Bot/2.0; +http://go.mail.ru/help/robots)" - - old.parallel.ru
217.69.133.59 - - [10/Oct/2016:06:08:16 +0300] "GET /parallel/computers/reviews/beowulf.html HTTP/1.0" 304 - "-" "Mozilla/5.0 (compatible; Linux x86_64; Mail.RU_Bot/2.0; +http://go.mail.ru/help/robots)" - - old.parallel.ru
217.69.133.28 - - [10/Oct/2016:06:08:20 +0300] "GET /parallel/info/parallel/voevodin/lec5.pdf HTTP/1.0" 200 147706 "-" "Mozilla/5.0 (compatible; Linux x86_64; Mail.RU_Bot/2.0; +http://go.mail.ru/help/robots)" - - old.parallel.ru
217.69.133.60 - - [10/Oct/2016:06:08:26 +0300] "GET /parallel/info/parallel/voevodin/intro.pdf HTTP/1.0" 200 74356 "-" "Mozilla/5.0 (compatible; Linux x86_64; Mail.RU_Bot/2.0; +http://go.mail.ru/help/robots)" - - old.parallel.ru
180.76.15.27 - - [10/Oct/2016:06:10:36 +0300] "GET /system/10699 HTTP/1.0" 404 291 "-" "Mozilla/5.0 (compatible; Baiduspider/2.0; +http://www.baidu.com/search/spider.html)" - - old.parallel.ru
180.76.15.161 - - [10/Oct/2016:06:15:26 +0300] "GET /system/10966 HTTP/1.0" 404 291 "-" "Mozilla/5.0 (compatible; Baiduspider/2.0; +http://www.baidu.com/search/spider.html)" - - old.parallel.ru
126.255.65.120 - - [10/Oct/2016:07:00:35 +0300] "GET /v-ray/index_e.html HTTP/1.0" 200 302 "-" "Mozilla/5.0 (iPhone; CPU iPhone OS 10_0_2 like Mac OS X) AppleWebKit/602.1.50 (KHTML, like Gecko) Version/10.0 Mobile/14A456 Safari/602.1" - - old.parallel.ru
126.255.65.120 - - [10/Oct/2016:07:00:36 +0300] "GET /apple-touch-icon-120x120-precomposed.png HTTP/1.0" 404 319 "-" "MobileSafari/602.1 CFNetwork/808.0.2 Darwin/16.0.0" - - old.parallel.ru
126.255.65.120 - - [10/Oct/2016:07:00:37 +0300] "GET /apple-touch-icon-120x120.png HTTP/1.0" 404 307 "-" "MobileSafari/602.1 CFNetwork/808.0.2 Darwin/16.0.0" - - old.parallel.ru
126.255.65.120 - - [10/Oct/2016:07:00:37 +0300] "GET /apple-touch-icon-precomposed.png HTTP/1.0" 404 311 "-" "MobileSafari/602.1 CFNetwork/808.0.2 Darwin/16.0.0" - - old.parallel.ru
126.255.65.120 - - [10/Oct/2016:07:00:37 +0300] "GET /apple-touch-icon.png HTTP/1.0" 404 299 "-" "MobileSafari/602.1 CFNetwork/808.0.2 Darwin/16.0.0" - - old.parallel.ru
126.255.65.120 - - [10/Oct/2016:07:00:38 +0300] "GET /favicon.ico HTTP/1.0" 404 290 "-" "MobileSafari/602.1 CFNetwork/808.0.2 Darwin/16.0.0" - - old.parallel.ru
126.255.65.120 - - [10/Oct/2016:07:00:38 +0300] "GET /apple-touch-icon-120x120-precomposed.png HTTP/1.0" 404 319 "-" "MobileSafari/602.1 CFNetwork/808.0.2 Darwin/16.0.0" - - old.parallel.ru
126.255.65.120 - - [10/Oct/2016:07:00:38 +0300] "GET /apple-touch-icon-120x120.png HTTP/1.0" 404 307 "-" "MobileSafari/602.1 CFNetwork/808.0.2 Darwin/16.0.0" - - old.parallel.ru
126.255.65.120 - - [10/Oct/2016:07:00:39 +0300] "GET /apple-touch-icon-precomposed.png HTTP/1.0" 404 311 "-" "MobileSafari/602.1 CFNetwork/808.0.2 Darwin/16.0.0" - - old.parallel.ru
126.255.65.120 - - [10/Oct/2016:07:00:39 +0300] "GET /apple-touch-icon.png HTTP/1.0" 404 299 "-" "MobileSafari/602.1 CFNetwork/808.0.2 Darwin/16.0.0" - - old.parallel.ru
126.255.65.120 - - [10/Oct/2016:07:00:39 +0300] "GET /favicon.ico HTTP/1.0" 404 290 "-" "MobileSafari/602.1 CFNetwork/808.0.2 Darwin/16.0.0" - - old.parallel.ru
180.76.15.151 - - [10/Oct/2016:07:03:55 +0300] "GET /russia/people/ HTTP/1.0" 200 2337 "-" "Mozilla/5.0 (compatible; Baiduspider/2.0; +http://www.baidu.com/search/spider.html)" - - old.parallel.ru
157.55.39.57 - - [10/Oct/2016:07:17:34 +0300] "GET /robots.txt HTTP/1.0" 404 289 "-" "Mozilla/5.0 (compatible; bingbot/2.0; +http://www.bing.com/bingbot.htm)" - - old.parallel.ru
54.84.117.110 - - [10/Oct/2016:07:21:12 +0300] "GET / HTTP/1.0" 200 399 "-" "Mozilla/5.0 (compatible; linkdexbot/2.0; +http://www.linkdex.com/bots/)" - - old.parallel.ru
157.55.39.57 - - [10/Oct/2016:07:21:15 +0300] "GET /parallel/info/journals/acm_journals.html HTTP/1.0" 200 1114 "-" "Mozilla/5.0 (compatible; bingbot/2.0; +http://www.bing.com/bingbot.htm)" - - old.parallel.ru
66.249.76.87 - - [10/Oct/2016:07:21:23 +0300] "GET /parallel/cluster/spo/abinit.html HTTP/1.0" 200 814 "-" "Mozilla/5.0 (compatible; Googlebot/2.1; +http://www.google.com/bot.html)" - - old.parallel.ru
66.249.76.89 - - [10/Oct/2016:07:26:14 +0300] "GET /parallel/russia/people/krukov.html HTTP/1.0" 200 1247 "-" "Mozilla/5.0 (compatible; Googlebot/2.1; +http://www.google.com/bot.html)" - - old.parallel.ru
180.76.15.161 - - [10/Oct/2016:07:38:39 +0300] "GET /system/10562 HTTP/1.0" 404 291 "-" "Mozilla/5.0 (compatible; Baiduspider/2.0; +http://www.baidu.com/search/spider.html)" - - old.parallel.ru
52.23.205.219 - - [10/Oct/2016:07:40:40 +0300] "GET / HTTP/1.0" 200 399 "-" "Mozilla/5.0 (compatible; linkdexbot/2.0; +http://www.linkdex.com/bots/)" - - old.parallel.ru
217.69.133.59 - - [10/Oct/2016:07:40:59 +0300] "GET /robots.txt HTTP/1.0" 404 289 "-" "Mozilla/5.0 (compatible; Linux x86_64; Mail.RU_Bot/2.0; +http://go.mail.ru/help/robots)" - - old.parallel.ru
217.69.133.60 - - [10/Oct/2016:07:41:00 +0300] "GET /parallel/info/VVV/17.pdf HTTP/1.0" 200 447525 "-" "Mozilla/5.0 (compatible; Linux x86_64; Mail.RU_Bot/2.0; +http://go.mail.ru/help/robots)" - - old.parallel.ru
217.69.133.30 - - [10/Oct/2016:07:41:02 +0300] "GET /russia/people/pozdnyakov.html HTTP/1.0" 200 825 "-" "Mozilla/5.0 (compatible; Linux x86_64; Mail.RU_Bot/2.0; +http://go.mail.ru/help/robots)" - - old.parallel.ru
217.69.133.60 - - [10/Oct/2016:07:41:03 +0300] "GET /parallel/ HTTP/1.0" 200 399 "-" "Mozilla/5.0 (compatible; Linux x86_64; Mail.RU_Bot/2.0; +http://go.mail.ru/help/robots)" - - old.parallel.ru
217.69.133.60 - - [10/Oct/2016:07:41:04 +0300] "GET /parallel/computers/infiniband.pdf HTTP/1.0" 200 307793 "-" "Mozilla/5.0 (compatible; Linux x86_64; Mail.RU_Bot/2.0; +http://go.mail.ru/help/robots)" - - old.parallel.ru
217.69.133.30 - - [10/Oct/2016:07:41:08 +0300] "GET /info/ HTTP/1.0" 304 - "-" "Mozilla/5.0 (compatible; Linux x86_64; Mail.RU_Bot/2.0; +http://go.mail.ru/help/robots)" - - old.parallel.ru
217.69.133.30 - - [10/Oct/2016:07:41:10 +0300] "GET /ftp/computers/compaq/alpha_gs.pdf HTTP/1.0" 200 127830 "-" "Mozilla/5.0 (compatible; Linux x86_64; Mail.RU_Bot/2.0; +http://go.mail.ru/help/robots)" - - old.parallel.ru
217.69.133.60 - - [10/Oct/2016:07:41:11 +0300] "GET /russia/map/tomsk.html HTTP/1.0" 200 796 "-" "Mozilla/5.0 (compatible; Linux x86_64; Mail.RU_Bot/2.0; +http://go.mail.ru/help/robots)" - - old.parallel.ru
217.69.133.30 - - [10/Oct/2016:07:41:13 +0300] "GET /parallel/parallel/russia/map/data/project24.html HTTP/1.0" 200 2266 "-" "Mozilla/5.0 (compatible; Linux x86_64; Mail.RU_Bot/2.0; +http://go.mail.ru/help/robots)" - - old.parallel.ru
217.69.133.28 - - [10/Oct/2016:07:41:16 +0300] "GET /parallel/parallel/russia/map/data/project30.html HTTP/1.0" 200 1841 "-" "Mozilla/5.0 (compatible; Linux x86_64; Mail.RU_Bot/2.0; +http://go.mail.ru/help/robots)" - - old.parallel.ru
217.69.133.192 - - [10/Oct/2016:07:41:19 +0300] "GET /parallel/news/transpac_grant.html HTTP/1.0" 200 1939 "-" "Mozilla/5.0 (compatible; Linux x86_64; Mail.RU_Bot/2.0; +http://go.mail.ru/help/robots)" - - old.parallel.ru
217.69.133.28 - - [10/Oct/2016:07:41:25 +0300] "GET /russia/map/data/project16.html HTTP/1.0" 304 - "-" "Mozilla/5.0 (compatible; Linux x86_64; Mail.RU_Bot/2.0; +http://go.mail.ru/help/robots)" - - old.parallel.ru
217.69.133.60 - - [10/Oct/2016:07:41:31 +0300] "GET /conf98/moryak.html HTTP/1.0" 304 - "-" "Mozilla/5.0 (compatible; Linux x86_64; Mail.RU_Bot/2.0; +http://go.mail.ru/help/robots)" - - old.parallel.ru
217.69.133.31 - - [10/Oct/2016:07:41:37 +0300] "GET /ftp/computers/scali/?C=M;O=D HTTP/1.0" 200 1059 "-" "Mozilla/5.0 (compatible; Linux x86_64; Mail.RU_Bot/2.0; +http://go.mail.ru/help/robots)" - - old.parallel.ru
66.249.73.191 - - [10/Oct/2016:08:01:26 +0300] "GET /computers/ HTTP/1.0" 200 4185 "-" "Mozilla/5.0 (compatible; Googlebot/2.1; +http://www.google.com/bot.html)" - - old.parallel.ru
66.249.76.91 - - [10/Oct/2016:08:04:12 +0300] "GET /about/hist2006.html HTTP/1.0" 200 2005 "-" "Mozilla/5.0 (compatible; Googlebot/2.1; +http://www.google.com/bot.html)" - - old.parallel.ru
180.76.15.145 - - [10/Oct/2016:08:16:57 +0300] "GET /ftp/computers/amd/newisys_amd_brochure.pdf HTTP/1.0" 200 71423 "-" "Mozilla/5.0 (compatible; Baiduspider/2.0; +http://www.baidu.com/search/spider.html)" - - old.parallel.ru
180.76.15.151 - - [10/Oct/2016:08:29:57 +0300] "GET /system/11020 HTTP/1.0" 404 291 "-" "Mozilla/5.0 (compatible; Baiduspider/2.0; +http://www.baidu.com/search/spider.html)" - - old.parallel.ru
54.84.117.110 - - [10/Oct/2016:08:34:51 +0300] "GET / HTTP/1.0" 200 399 "-" "Mozilla/5.0 (compatible; linkdexbot/2.0; +http://www.linkdex.com/bots/)" - - old.parallel.ru
180.76.15.162 - - [10/Oct/2016:08:37:05 +0300] "GET /parallel/russia/people/mitropolsky.html HTTP/1.0" 200 1004 "-" "Mozilla/5.0 (compatible; Baiduspider/2.0; +http://www.baidu.com/search/spider.html)" - - old.parallel.ru
180.76.15.159 - - [10/Oct/2016:09:13:32 +0300] "GET /system/9874 HTTP/1.0" 404 290 "-" "Mozilla/5.0 (compatible; Baiduspider/2.0; +http://www.baidu.com/search/spider.html)" - - old.parallel.ru
217.69.133.192 - - [10/Oct/2016:09:13:57 +0300] "GET /robots.txt HTTP/1.0" 404 289 "-" "Mozilla/5.0 (compatible; Linux x86_64; Mail.RU_Bot/2.0; +http://go.mail.ru/help/robots)" - - old.parallel.ru
217.69.133.31 - - [10/Oct/2016:09:13:58 +0300] "GET /meta/internet.html HTTP/1.0" 200 4234 "-" "Mozilla/5.0 (compatible; Linux x86_64; Mail.RU_Bot/2.0; +http://go.mail.ru/help/robots)" - - old.parallel.ru
217.69.133.59 - - [10/Oct/2016:09:14:00 +0300] "GET /ftp/computers/ascired/iml.pdf HTTP/1.0" 200 125316 "-" "Mozilla/5.0 (compatible; Linux x86_64; Mail.RU_Bot/2.0; +http://go.mail.ru/help/robots)" - - old.parallel.ru
217.69.133.30 - - [10/Oct/2016:09:14:01 +0300] "GET /ftp/computers/compaq/?C=M;O=A HTTP/1.0" 200 651 "-" "Mozilla/5.0 (compatible; Linux x86_64; Mail.RU_Bot/2.0; +http://go.mail.ru/help/robots)" - - old.parallel.ru
217.69.133.72 - - [10/Oct/2016:09:14:03 +0300] "GET /ftp/libs/index.txt HTTP/1.0" 200 209 "-" "Mozilla/5.0 (compatible; Linux x86_64; Mail.RU_Bot/2.0; +http://go.mail.ru/help/robots)" - - old.parallel.ru
217.69.133.30 - - [10/Oct/2016:09:14:05 +0300] "GET /conferences/pact.html HTTP/1.0" 200 2346 "-" "Mozilla/5.0 (compatible; Linux x86_64; Mail.RU_Bot/2.0; +http://go.mail.ru/help/robots)" - - old.parallel.ru
217.69.133.60 - - [10/Oct/2016:09:14:07 +0300] "GET /ftp/computers/ascired/sps.pdf HTTP/1.0" 200 207859 "-" "Mozilla/5.0 (compatible; Linux x86_64; Mail.RU_Bot/2.0; +http://go.mail.ru/help/robots)" - - old.parallel.ru
217.69.133.29 - - [10/Oct/2016:09:14:10 +0300] "GET /cluster/photos_lomonosov.html HTTP/1.0" 200 1131 "-" "Mozilla/5.0 (compatible; Linux x86_64; Mail.RU_Bot/2.0; +http://go.mail.ru/help/robots)" - - old.parallel.ru
217.69.133.72 - - [10/Oct/2016:09:14:12 +0300] "GET /parallel/info/parallel/cluster/literature.pdf HTTP/1.0" 200 49779 "-" "Mozilla/5.0 (compatible; Linux x86_64; Mail.RU_Bot/2.0; +http://go.mail.ru/help/robots)" - - old.parallel.ru
217.69.133.28 - - [10/Oct/2016:09:14:15 +0300] "GET /ftp/cluster/?C=M;O=D HTTP/1.0" 200 613 "-" "Mozilla/5.0 (compatible; Linux x86_64; Mail.RU_Bot/2.0; +http://go.mail.ru/help/robots)" - - old.parallel.ru
217.69.133.60 - - [10/Oct/2016:09:14:22 +0300] "GET /parallel/parallel/russia/map/data/project26.html HTTP/1.0" 200 1646 "-" "Mozilla/5.0 (compatible; Linux x86_64; Mail.RU_Bot/2.0; +http://go.mail.ru/help/robots)" - - old.parallel.ru
217.69.133.31 - - [10/Oct/2016:09:14:33 +0300] "GET /ftp/seminar/ HTTP/1.0" 200 749 "-" "Mozilla/5.0 (compatible; Linux x86_64; Mail.RU_Bot/2.0; +http://go.mail.ru/help/robots)" - - old.parallel.ru
217.69.133.29 - - [10/Oct/2016:09:14:43 +0300] "GET /computers/reviews/CrayXT3.html HTTP/1.0" 304 - "-" "Mozilla/5.0 (compatible; Linux x86_64; Mail.RU_Bot/2.0; +http://go.mail.ru/help/robots)" - - old.parallel.ru
217.69.133.30 - - [10/Oct/2016:09:14:54 +0300] "GET /computers/top500.list19.html HTTP/1.0" 200 24255 "-" "Mozilla/5.0 (compatible; Linux x86_64; Mail.RU_Bot/2.0; +http://go.mail.ru/help/robots)" - - old.parallel.ru
141.8.142.87 - - [10/Oct/2016:09:42:04 +0300] "GET /parallel/history/cray1.html HTTP/1.0" 200 6896 "-" "Mozilla/5.0 (compatible; YandexBot/3.0; +http://yandex.com/bots)" - - old.parallel.ru
66.249.76.91 - - [10/Oct/2016:09:42:28 +0300] "GET /parallel/subscribe.html HTTP/1.0" 200 2313 "-" "Mozilla/5.0 (compatible; Googlebot/2.1; +http://www.google.com/bot.html)" - - old.parallel.ru
141.8.142.23 - - [10/Oct/2016:09:50:15 +0300] "GET /news/sun_news.html HTTP/1.0" 200 1265 "-" "Mozilla/5.0 (compatible; YandexBot/3.0; +http://yandex.com/bots)" - - old.parallel.ru
66.249.76.91 - - [10/Oct/2016:10:06:52 +0300] "GET /cluster/photos_lomonosov.html HTTP/1.0" 200 1131 "-" "Mozilla/5.0 (compatible; Googlebot/2.1; +http://www.google.com/bot.html)" - - old.parallel.ru
66.249.76.87 - - [10/Oct/2016:10:07:00 +0300] "GET /cluster/default.css HTTP/1.0" 200 1027 "http://old.parallel.ru/cluster/photos_lomonosov.html" "Mozilla/5.0 (compatible; Googlebot/2.1; +http://www.google.com/bot.html)" - - old.parallel.ru
66.249.76.89 - - [10/Oct/2016:10:22:40 +0300] "GET /computers/top500.list18.html HTTP/1.0" 200 18548 "-" "Mozilla/5.0 (compatible; Googlebot/2.1; +http://www.google.com/bot.html)" - - old.parallel.ru
157.55.39.5 - - [10/Oct/2016:10:27:33 +0300] "GET /robots.txt HTTP/1.0" 404 289 "-" "Mozilla/5.0 (compatible; bingbot/2.0; +http://www.bing.com/bingbot.htm)" - - old.parallel.ru
126.117.192.105 - - [10/Oct/2016:10:27:38 +0300] "GET /v-ray/index_e.html HTTP/1.0" 200 302 "-" "Mozilla/5.0 (iPhone; CPU iPhone OS 10_0_2 like Mac OS X) AppleWebKit/602.1.50 (KHTML, like Gecko) Version/10.0 Mobile/14A456 Safari/602.1" - - old.parallel.ru
126.117.192.105 - - [10/Oct/2016:10:27:39 +0300] "GET /apple-touch-icon-120x120-precomposed.png HTTP/1.0" 404 319 "-" "MobileSafari/602.1 CFNetwork/808.0.2 Darwin/16.0.0" - - old.parallel.ru
126.117.192.105 - - [10/Oct/2016:10:27:39 +0300] "GET /apple-touch-icon-120x120.png HTTP/1.0" 404 307 "-" "MobileSafari/602.1 CFNetwork/808.0.2 Darwin/16.0.0" - - old.parallel.ru
126.117.192.105 - - [10/Oct/2016:10:27:40 +0300] "GET /apple-touch-icon-precomposed.png HTTP/1.0" 404 311 "-" "MobileSafari/602.1 CFNetwork/808.0.2 Darwin/16.0.0" - - old.parallel.ru
126.117.192.105 - - [10/Oct/2016:10:27:40 +0300] "GET /apple-touch-icon.png HTTP/1.0" 404 299 "-" "MobileSafari/602.1 CFNetwork/808.0.2 Darwin/16.0.0" - - old.parallel.ru
126.117.192.105 - - [10/Oct/2016:10:27:40 +0300] "GET /favicon.ico HTTP/1.0" 404 290 "-" "MobileSafari/602.1 CFNetwork/808.0.2 Darwin/16.0.0" - - old.parallel.ru
126.117.192.105 - - [10/Oct/2016:10:27:41 +0300] "GET /apple-touch-icon-120x120-precomposed.png HTTP/1.0" 404 319 "-" "MobileSafari/602.1 CFNetwork/808.0.2 Darwin/16.0.0" - - old.parallel.ru
126.117.192.105 - - [10/Oct/2016:10:27:41 +0300] "GET /apple-touch-icon-120x120.png HTTP/1.0" 404 307 "-" "MobileSafari/602.1 CFNetwork/808.0.2 Darwin/16.0.0" - - old.parallel.ru
126.117.192.105 - - [10/Oct/2016:10:27:41 +0300] "GET /apple-touch-icon-precomposed.png HTTP/1.0" 404 311 "-" "MobileSafari/602.1 CFNetwork/808.0.2 Darwin/16.0.0" - - old.parallel.ru
126.117.192.105 - - [10/Oct/2016:10:27:42 +0300] "GET /apple-touch-icon.png HTTP/1.0" 404 299 "-" "MobileSafari/602.1 CFNetwork/808.0.2 Darwin/16.0.0" - - old.parallel.ru
126.117.192.105 - - [10/Oct/2016:10:27:42 +0300] "GET /favicon.ico HTTP/1.0" 404 290 "-" "MobileSafari/602.1 CFNetwork/808.0.2 Darwin/16.0.0" - - old.parallel.ru
157.55.39.5 - - [10/Oct/2016:10:27:53 +0300] "GET /russia/people/sokolinsky.html HTTP/1.0" 200 2365 "-" "Mozilla/5.0 (compatible; bingbot/2.0; +http://www.bing.com/bingbot.htm)" - - old.parallel.ru
79.173.96.11 - - [10/Oct/2016:10:42:07 +0300] "GET /russia/people/bogdanov.html HTTP/1.0" 200 880 "http://yandex.ru/clck/jsredir?from=yandex.ru%3Bsearch%2F%3Bweb%3B%3B&text=&etext=1205.tmcx8ltIrGIgLq-OFP8rd6Z4PwfN8xUNwilDS-A_uhYm7WUJdJ-yTxvndKQU8s0oDTl899GeJKW75vcCpcCW1Q.b23ab16f1584a4dfe833193428bb5489a4e70919&uuid=&state=PEtFfuTeVD5kpHnK9lio9ThluiZ1G4ojQRnDqP1wRIkdnIy1TZuw1A&data=UlNrNmk5WktYejR0eWJFYk1LdmtxbjFTdzg5TjkweDdMSFBPM2V4NXdqUGxScmZaalo4Vm43ak5xU3JEWHREYW5VT05oZ1ZfSDBLWFhiT3IwTE5Gay0wdlJTS3VManc4WDk0N0E0Zm5pY2RPOWtFYkxXVFI1NEFiU1I2a3UzeTRkaEN5ZDVib1g5bw&b64e=2&sign=7d9235e3dfd2db5f337c9ab5a6fc2ae5&keyno=0&cst=AiuY0DBWFJ5fN_r-AEszk-qzR250BE7uBGFJ8stMiwyIeNvPO6Y81KG-sXtBEqjD7O3TEUSwBMWuc6G9lmPTB4vuu4_qP9kS1kzok-g_BF_ZKTfzklmAbX4upeElmXjPrMAao7qEvjUOIUcCt0xV2gmJkO6k9gKhjmFlRySuc5QFm7uRRf-a0Pm8ZELfa8kXFapZ7n8padvctFNiqMSn2WavM5mc1zJiwrpD2_fUo65qID7vmuhQ7BXqQZhwAiB3zBUIS3ch9WEIHdiBqDzlLg&ref=orjY4mGPRjk5boDnW0uvlrrd71vZw9kpCyicf2ajz0hLh-NSdKZtpcW_2F2pxZnKAtnp8nGb0rHPu4Rm3olR_SYhBrPMk3k4Tlk8gzekutax3oSRDWvqVDFXgtzz8NMzskpO8maJGcqa3w5DGMYIARmdl8Ikn_Ko8_gNg5FGCC1VBD2IqFhR7uQlLbrrKwfXQDNXXh-8gWMB95V3Eg4jBegIwOvhj4aV&l10n=ru&cts=1476085239765&mc=2" "Mozilla/5.0 (Windows NT 5.1) AppleWebKit/537.36 (KHTML, like Gecko) Chrome/49.0.2623.112 Safari/537.36" - - old.parallel.ru
79.173.96.11 - - [10/Oct/2016:10:42:07 +0300] "GET /images/pc4.gif HTTP/1.0" 200 1903 "http://old.parallel.ru/russia/people/bogdanov.html" "Mozilla/5.0 (Windows NT 5.1) AppleWebKit/537.36 (KHTML, like Gecko) Chrome/49.0.2623.112 Safari/537.36" - - old.parallel.ru
79.173.96.11 - - [10/Oct/2016:10:42:07 +0300] "GET /images/pcHome.gif HTTP/1.0" 200 480 "http://old.parallel.ru/russia/people/bogdanov.html" "Mozilla/5.0 (Windows NT 5.1) AppleWebKit/537.36 (KHTML, like Gecko) Chrome/49.0.2623.112 Safari/537.36" - - old.parallel.ru
79.173.96.11 - - [10/Oct/2016:10:42:07 +0300] "GET /images/people/bogdanov.gif HTTP/1.0" 200 62565 "http://old.parallel.ru/russia/people/bogdanov.html" "Mozilla/5.0 (Windows NT 5.1) AppleWebKit/537.36 (KHTML, like Gecko) Chrome/49.0.2623.112 Safari/537.36" - - old.parallel.ru
79.173.96.11 - - [10/Oct/2016:10:42:07 +0300] "GET /favicon.ico HTTP/1.0" 404 290 "http://old.parallel.ru/russia/people/bogdanov.html" "Mozilla/5.0 (Windows NT 5.1) AppleWebKit/537.36 (KHTML, like Gecko) Chrome/49.0.2623.112 Safari/537.36" - - old.parallel.ru
141.8.142.23 - - [10/Oct/2016:10:42:25 +0300] "GET /russia/people/bogdanov.html HTTP/1.0" 200 880 "-" "Mozilla/5.0 (compatible; YandexBot/3.0; +http://yandex.com/bots)" - - old.parallel.ru
217.69.133.60 - - [10/Oct/2016:10:47:39 +0300] "GET /robots.txt HTTP/1.0" 404 289 "-" "Mozilla/5.0 (compatible; Linux x86_64; Mail.RU_Bot/2.0; +http://go.mail.ru/help/robots)" - - old.parallel.ru
217.69.133.59 - - [10/Oct/2016:10:47:41 +0300] "GET /russia/people/tyrtyshnikov.html HTTP/1.0" 200 1739 "-" "Mozilla/5.0 (compatible; Linux x86_64; Mail.RU_Bot/2.0; +http://go.mail.ru/help/robots)" - - old.parallel.ru
217.69.133.30 - - [10/Oct/2016:10:47:42 +0300] "GET /news/intel_raid.html HTTP/1.0" 304 - "-" "Mozilla/5.0 (compatible; Linux x86_64; Mail.RU_Bot/2.0; +http://go.mail.ru/help/robots)" - - old.parallel.ru
217.69.133.72 - - [10/Oct/2016:10:47:43 +0300] "GET /parallel/news/fujitsu_teamserver.html HTTP/1.0" 200 991 "-" "Mozilla/5.0 (compatible; Linux x86_64; Mail.RU_Bot/2.0; +http://go.mail.ru/help/robots)" - - old.parallel.ru
217.69.133.72 - - [10/Oct/2016:10:47:45 +0300] "GET /russia/map/msk.html HTTP/1.0" 200 2766 "-" "Mozilla/5.0 (compatible; Linux x86_64; Mail.RU_Bot/2.0; +http://go.mail.ru/help/robots)" - - old.parallel.ru
217.69.133.72 - - [10/Oct/2016:10:47:46 +0300] "GET /parallel/news/hp_parisc_roadmap.html HTTP/1.0" 200 1132 "-" "Mozilla/5.0 (compatible; Linux x86_64; Mail.RU_Bot/2.0; +http://go.mail.ru/help/robots)" - - old.parallel.ru
217.69.133.192 - - [10/Oct/2016:10:47:48 +0300] "GET /russia/people/krukov_ap.html HTTP/1.0" 304 - "-" "Mozilla/5.0 (compatible; Linux x86_64; Mail.RU_Bot/2.0; +http://go.mail.ru/help/robots)" - - old.parallel.ru
217.69.133.59 - - [10/Oct/2016:10:47:50 +0300] "GET /parallel/cluster/actual_old.html HTTP/1.0" 200 1371 "-" "Mozilla/5.0 (compatible; Linux x86_64; Mail.RU_Bot/2.0; +http://go.mail.ru/help/robots)" - - old.parallel.ru
217.69.133.192 - - [10/Oct/2016:10:47:53 +0300] "GET /ftp/submit/?C=M;O=D HTTP/1.0" 200 525 "-" "Mozilla/5.0 (compatible; Linux x86_64; Mail.RU_Bot/2.0; +http://go.mail.ru/help/robots)" - - old.parallel.ru
217.69.133.59 - - [10/Oct/2016:10:47:54 +0300] "GET /parallel/info/VVV/01.pdf HTTP/1.0" 200 152843 "-" "Mozilla/5.0 (compatible; Linux x86_64; Mail.RU_Bot/2.0; +http://go.mail.ru/help/robots)" - - old.parallel.ru
217.69.133.59 - - [10/Oct/2016:10:47:57 +0300] "GET /ftp/computers/compaq/?C=M;O=D HTTP/1.0" 200 651 "-" "Mozilla/5.0 (compatible; Linux x86_64; Mail.RU_Bot/2.0; +http://go.mail.ru/help/robots)" - - old.parallel.ru
217.69.133.29 - - [10/Oct/2016:10:48:00 +0300] "GET /tech/norma/constr.htm HTTP/1.0" 200 1101 "-" "Mozilla/5.0 (compatible; Linux x86_64; Mail.RU_Bot/2.0; +http://go.mail.ru/help/robots)" - - old.parallel.ru
217.69.133.31 - - [10/Oct/2016:10:48:02 +0300] "GET /parallel/parallel/russia/map/data/project34.html HTTP/1.0" 200 4225 "-" "Mozilla/5.0 (compatible; Linux x86_64; Mail.RU_Bot/2.0; +http://go.mail.ru/help/robots)" - - old.parallel.ru
217.69.133.28 - - [10/Oct/2016:10:48:04 +0300] "GET /parallel/russia/people/korolev.html HTTP/1.0" 200 1301 "-" "Mozilla/5.0 (compatible; Linux x86_64; Mail.RU_Bot/2.0; +http://go.mail.ru/help/robots)" - - old.parallel.ru
217.69.133.30 - - [10/Oct/2016:10:48:07 +0300] "GET /info/journals/ieee_journals.html HTTP/1.0" 200 980 "-" "Mozilla/5.0 (compatible; Linux x86_64; Mail.RU_Bot/2.0; +http://go.mail.ru/help/robots)" - - old.parallel.ru
217.69.133.72 - - [10/Oct/2016:10:48:10 +0300] "GET /tech/mpc/p11.html HTTP/1.0" 200 339 "-" "Mozilla/5.0 (compatible; Linux x86_64; Mail.RU_Bot/2.0; +http://go.mail.ru/help/robots)" - - old.parallel.ru
217.69.133.59 - - [10/Oct/2016:10:48:12 +0300] "GET /parallel/computers/ HTTP/1.0" 200 4185 "-" "Mozilla/5.0 (compatible; Linux x86_64; Mail.RU_Bot/2.0; +http://go.mail.ru/help/robots)" - - old.parallel.ru
217.69.133.31 - - [10/Oct/2016:10:48:14 +0300] "GET /computers/top500.list35.html HTTP/1.0" 200 22177 "-" "Mozilla/5.0 (compatible; Linux x86_64; Mail.RU_Bot/2.0; +http://go.mail.ru/help/robots)" - - old.parallel.ru
157.55.39.57 - - [10/Oct/2016:11:15:13 +0300] "GET /robots.txt HTTP/1.0" 404 289 "-" "Mozilla/5.0 (compatible; bingbot/2.0; +http://www.bing.com/bingbot.htm)" - - old.parallel.ru
157.55.39.57 - - [10/Oct/2016:11:15:14 +0300] "GET /robots.txt HTTP/1.0" 404 289 "-" "Mozilla/5.0 (compatible; bingbot/2.0; +http://www.bing.com/bingbot.htm)" - - old.parallel.ru
180.76.15.15 - - [10/Oct/2016:11:18:22 +0300] "GET /tech/norma/comment.htm HTTP/1.0" 200 831 "-" "Mozilla/5.0 (compatible; Baiduspider/2.0; +http://www.baidu.com/search/spider.html)" - - old.parallel.ru
180.76.15.160 - - [10/Oct/2016:11:23:14 +0300] "GET /tech/engineering/pacet2.html HTTP/1.0" 200 5227 "-" "Mozilla/5.0 (compatible; Baiduspider/2.0; +http://www.baidu.com/search/spider.html)" - - old.parallel.ru
180.76.15.34 - - [10/Oct/2016:11:43:54 +0300] "GET /robots.txt HTTP/1.0" 404 289 "-" "Mozilla/5.0 (Windows NT 5.1; rv:6.0.2) Gecko/20100101 Firefox/6.0.2" - - old.parallel.ru
180.76.15.20 - - [10/Oct/2016:11:43:54 +0300] "GET /robots.txt HTTP/1.0" 404 289 "-" "Mozilla/5.0 (Windows NT 5.1; rv:6.0.2) Gecko/20100101 Firefox/6.0.2" - - old.parallel.ru
180.76.15.154 - - [10/Oct/2016:11:45:33 +0300] "GET /ftp/computers/scali/DATASHEET-505T.pdf HTTP/1.0" 200 69556 "-" "Mozilla/5.0 (compatible; Baiduspider/2.0; +http://www.baidu.com/search/spider.html)" - - old.parallel.ru
180.76.15.147 - - [10/Oct/2016:12:12:43 +0300] "GET /system/11074 HTTP/1.0" 404 291 "-" "Mozilla/5.0 (compatible; Baiduspider/2.0; +http://www.baidu.com/search/spider.html)" - - old.parallel.ru
66.249.76.90 - - [10/Oct/2016:12:18:41 +0300] "GET /robots.txt HTTP/1.0" 404 289 "-" "Mozilla/5.0 (compatible; Googlebot/2.1; +http://www.google.com/bot.html)" - - old.parallel.ru
66.249.76.65 - - [10/Oct/2016:12:18:42 +0300] "GET /apple-app-site-association HTTP/1.0" 404 305 "-" "Mozilla/5.0 (compatible; Googlebot/2.1; +http://www.google.com/bot.html)" - - old.parallel.ru
217.69.133.60 - - [10/Oct/2016:12:20:29 +0300] "GET /robots.txt HTTP/1.0" 404 289 "-" "Mozilla/5.0 (compatible; Linux x86_64; Mail.RU_Bot/2.0; +http://go.mail.ru/help/robots)" - - old.parallel.ru
66.249.73.154 - - [10/Oct/2016:12:20:30 +0300] "GET /.well-known/assetlinks.json HTTP/1.0" 404 306 "-" "Mozilla/5.0 (compatible; Googlebot/2.1; +http://www.google.com/bot.html)" - - old.parallel.ru
217.69.133.30 - - [10/Oct/2016:12:20:31 +0300] "GET /ftp/interconnects/scalable_tech.pdf HTTP/1.0" 304 - "-" "Mozilla/5.0 (compatible; Linux x86_64; Mail.RU_Bot/2.0; +http://go.mail.ru/help/robots)" - - old.parallel.ru
217.69.133.72 - - [10/Oct/2016:12:20:32 +0300] "GET /parallel/cluster/spo/index.html HTTP/1.0" 200 1798 "-" "Mozilla/5.0 (compatible; Linux x86_64; Mail.RU_Bot/2.0; +http://go.mail.ru/help/robots)" - - old.parallel.ru
217.69.133.72 - - [10/Oct/2016:12:20:34 +0300] "GET /parallel/info/VVV/00.pdf HTTP/1.0" 200 27162 "-" "Mozilla/5.0 (compatible; Linux x86_64; Mail.RU_Bot/2.0; +http://go.mail.ru/help/robots)" - - old.parallel.ru
217.69.133.59 - - [10/Oct/2016:12:20:36 +0300] "GET /news/infiniband.html HTTP/1.0" 200 1621 "-" "Mozilla/5.0 (compatible; Linux x86_64; Mail.RU_Bot/2.0; +http://go.mail.ru/help/robots)" - - old.parallel.ru
217.69.133.29 - - [10/Oct/2016:12:20:38 +0300] "GET /tech/ HTTP/1.0" 304 - "-" "Mozilla/5.0 (compatible; Linux x86_64; Mail.RU_Bot/2.0; +http://go.mail.ru/help/robots)" - - old.parallel.ru
217.69.133.72 - - [10/Oct/2016:12:20:40 +0300] "GET /ftp/computers/intel/?C=D;O=D HTTP/1.0" 200 557 "-" "Mozilla/5.0 (compatible; Linux x86_64; Mail.RU_Bot/2.0; +http://go.mail.ru/help/robots)" - - old.parallel.ru
217.69.133.72 - - [10/Oct/2016:12:20:42 +0300] "GET /parallel/parallel/russia/map/data/project33.html HTTP/1.0" 200 5376 "-" "Mozilla/5.0 (compatible; Linux x86_64; Mail.RU_Bot/2.0; +http://go.mail.ru/help/robots)" - - old.parallel.ru
217.69.133.60 - - [10/Oct/2016:12:20:45 +0300] "GET /parallel/tech/norma/declar8.htm HTTP/1.0" 200 892 "-" "Mozilla/5.0 (compatible; Linux x86_64; Mail.RU_Bot/2.0; +http://go.mail.ru/help/robots)" - - old.parallel.ru
217.69.133.30 - - [10/Oct/2016:12:20:46 +0300] "GET /parallel/info/parallel/voevodin/lec2.pdf HTTP/1.0" 200 116774 "-" "Mozilla/5.0 (compatible; Linux x86_64; Mail.RU_Bot/2.0; +http://go.mail.ru/help/robots)" - - old.parallel.ru
66.249.73.154 - - [10/Oct/2016:12:22:19 +0300] "GET /.well-known/apple-app-site-association HTTP/1.0" 404 317 "-" "Mozilla/5.0 (compatible; Googlebot/2.1; +http://www.google.com/bot.html)" - - old.parallel.ru
141.8.142.23 - - [10/Oct/2016:12:39:54 +0300] "GET /images/computers/BlueGene_Diagram.jpg HTTP/1.0" 304 - "-" "Mozilla/5.0 (compatible; YandexImages/3.0; +http://yandex.com/bots)" - - old.parallel.ru
141.8.142.23 - - [10/Oct/2016:12:43:59 +0300] "GET /parallel/research/gloukhov/node5.html HTTP/1.0" 200 1212 "-" "Mozilla/5.0 (compatible; YandexBot/3.0; +http://yandex.com/bots)" - - old.parallel.ru
180.76.15.7 - - [10/Oct/2016:12:57:02 +0300] "GET /info/ci_v5.pdf HTTP/1.0" 200 194237 "-" "Mozilla/5.0 (compatible; Baiduspider/2.0; +http://www.baidu.com/search/spider.html)" - - old.parallel.ru
180.76.15.145 - - [10/Oct/2016:13:16:59 +0300] "GET /ftp/par-news/100.txt HTTP/1.0" 200 2505 "-" "Mozilla/5.0 (compatible; Baiduspider/2.0; +http://www.baidu.com/search/spider.html)" - - old.parallel.ru
180.76.15.7 - - [10/Oct/2016:13:51:37 +0300] "GET /ftp/par-news/014.txt HTTP/1.0" 200 2166 "-" "Mozilla/5.0 (compatible; Baiduspider/2.0; +http://www.baidu.com/search/spider.html)" - - old.parallel.ru
180.76.15.149 - - [10/Oct/2016:13:53:20 +0300] "GET /ftp/par-news/032.txt HTTP/1.0" 200 2456 "-" "Mozilla/5.0 (compatible; Baiduspider/2.0; +http://www.baidu.com/search/spider.html)" - - old.parallel.ru
180.76.15.155 - - [10/Oct/2016:13:55:03 +0300] "GET /parallel/computers/taxonomy/duncan.html HTTP/1.0" 200 3204 "-" "Mozilla/5.0 (compatible; Baiduspider/2.0; +http://www.baidu.com/search/spider.html)" - - old.parallel.ru
66.249.76.91 - - [10/Oct/2016:13:55:49 +0300] "GET /robots.txt HTTP/1.0" 404 289 "-" "Mozilla/5.0 (compatible; Googlebot/2.1; +http://www.google.com/bot.html)" - - old.parallel.ru
66.249.76.87 - - [10/Oct/2016:13:55:50 +0300] "GET /cluster/images/lomonosov/lomonosov_32.jpg HTTP/1.0" 200 266813 "-" "Googlebot-Image/1.0" - - old.parallel.ru
180.76.15.6 - - [10/Oct/2016:13:56:46 +0300] "GET /parallel/news/tomsk2007.html HTTP/1.0" 200 1564 "-" "Mozilla/5.0 (compatible; Baiduspider/2.0; +http://www.baidu.com/search/spider.html)" - - old.parallel.ru
180.76.15.148 - - [10/Oct/2016:14:05:32 +0300] "GET /system/10805 HTTP/1.0" 404 291 "-" "Mozilla/5.0 (compatible; Baiduspider/2.0; +http://www.baidu.com/search/spider.html)" - - old.parallel.ru
180.76.15.135 - - [10/Oct/2016:14:15:13 +0300] "GET /ftp/computers/nec/SX-6i.pdf HTTP/1.0" 200 439764 "-" "Mozilla/5.0 (compatible; Baiduspider/2.0; +http://www.baidu.com/search/spider.html)" - - old.parallel.ru
66.249.73.187 - - [10/Oct/2016:14:15:39 +0300] "GET /cluster/images/lomonosov/lomonosov_44.jpg HTTP/1.0" 200 218289 "-" "Googlebot-Image/1.0" - - old.parallel.ru
207.46.13.69 - - [10/Oct/2016:14:20:49 +0300] "GET /robots.txt HTTP/1.0" 404 289 "-" "Mozilla/5.0 (compatible; bingbot/2.0; +http://www.bing.com/bingbot.htm)" - - old.parallel.ru
207.46.13.69 - - [10/Oct/2016:14:20:57 +0300] "GET / HTTP/1.0" 200 399 "-" "Mozilla/5.0 (compatible; bingbot/2.0; +http://www.bing.com/bingbot.htm)" - - old.parallel.ru
180.76.15.157 - - [10/Oct/2016:14:31:16 +0300] "GET /system/11006 HTTP/1.0" 404 291 "-" "Mozilla/5.0 (compatible; Baiduspider/2.0; +http://www.baidu.com/search/spider.html)" - - old.parallel.ru
85.237.60.250 - - [10/Oct/2016:14:31:30 +0300] "GET /parallel/cluster/images/lomonosov/lomonosov_32s.jpg HTTP/1.0" 200 55329 "-" "Mozilla/5.0 (Windows NT 6.1) AppleWebKit/537.36 (KHTML, like Gecko) Chrome/53.0.2785.143 Safari/537.36" - - old.parallel.ru
66.249.76.89 - - [10/Oct/2016:14:40:06 +0300] "GET /cluster/images/lomonosov/lomonosov_54.jpg HTTP/1.0" 200 297022 "-" "Googlebot-Image/1.0" - - old.parallel.ru
180.76.15.14 - - [10/Oct/2016:14:42:55 +0300] "GET /info/excursion.html HTTP/1.0" 200 2235 "-" "Mozilla/5.0 (compatible; Baiduspider/2.0; +http://www.baidu.com/search/spider.html)" - - old.parallel.ru
207.46.13.86 - - [10/Oct/2016:14:48:22 +0300] "GET /parallel/russia/people/samofalov.html HTTP/1.0" 200 1110 "-" "Mozilla/5.0 (compatible; bingbot/2.0; +http://www.bing.com/bingbot.htm)" - - old.parallel.ru
180.76.15.159 - - [10/Oct/2016:14:50:57 +0300] "GET /system/8443 HTTP/1.0" 404 290 "-" "Mozilla/5.0 (compatible; Baiduspider/2.0; +http://www.baidu.com/search/spider.html)" - - old.parallel.ru
66.249.76.89 - - [10/Oct/2016:14:57:22 +0300] "GET /computers/top500.list23.html HTTP/1.0" 200 28031 "-" "Mozilla/5.0 (compatible; Googlebot/2.1; +http://www.google.com/bot.html)" - - old.parallel.ru
54.84.117.110 - - [10/Oct/2016:15:00:15 +0300] "GET /robots.txt HTTP/1.0" 404 289 "-" "Mozilla/5.0 (compatible; linkdexbot/2.0; +http://www.linkdex.com/bots/)" - - old.parallel.ru
54.84.117.110 - - [10/Oct/2016:15:00:15 +0300] "GET /parallel/computers/top500.list11.html HTTP/1.0" 200 18415 "-" "Mozilla/5.0 (compatible; linkdexbot/2.0; +http://www.linkdex.com/bots/)" - - old.parallel.ru
66.249.73.191 - - [10/Oct/2016:15:02:44 +0300] "GET /about/lab.html HTTP/1.0" 200 1276 "-" "Mozilla/5.0 (compatible; Googlebot/2.1; +http://www.google.com/bot.html)" - - old.parallel.ru
66.249.76.89 - - [10/Oct/2016:15:06:01 +0300] "GET /cluster/images/lomonosov/lomonosov_41.jpg HTTP/1.0" 200 245357 "-" "Googlebot-Image/1.0" - - old.parallel.ru
54.84.117.110 - - [10/Oct/2016:15:24:31 +0300] "GET /robots.txt HTTP/1.0" 404 289 "-" "Mozilla/5.0 (compatible; linkdexbot/2.0; +http://www.linkdex.com/bots/)" - - old.parallel.ru
54.84.117.110 - - [10/Oct/2016:15:24:31 +0300] "GET /computers/top500.list11.html HTTP/1.0" 200 18415 "-" "Mozilla/5.0 (compatible; linkdexbot/2.0; +http://www.linkdex.com/bots/)" - - old.parallel.ru
66.249.73.187 - - [10/Oct/2016:15:29:06 +0300] "GET /cluster/images/lomonosov/lomonosov_52.jpg HTTP/1.0" 200 361829 "-" "Googlebot-Image/1.0" - - old.parallel.ru
180.76.15.145 - - [10/Oct/2016:15:48:20 +0300] "GET /forum HTTP/1.0" 301 318 "-" "Mozilla/5.0 (compatible; Baiduspider/2.0; +http://www.baidu.com/search/spider.html)" - - old.parallel.ru
180.76.15.152 - - [10/Oct/2016:15:48:20 +0300] "GET /forum/ HTTP/1.0" 302 - "-" "Mozilla/5.0 (compatible; Baiduspider/2.0; +http://www.baidu.com/search/spider.html)" - - old.parallel.ru
66.249.76.89 - - [10/Oct/2016:15:55:20 +0300] "GET /cluster/images/lomonosov/lomonosov_33.jpg HTTP/1.0" 200 199992 "-" "Googlebot-Image/1.0" - - old.parallel.ru
141.8.142.23 - - [10/Oct/2016:15:58:43 +0300] "GET /robots.txt HTTP/1.0" 404 289 "-" "Mozilla/5.0 (compatible; YandexBot/3.0; +http://yandex.com/bots)" - - old.parallel.ru
141.8.142.23 - - [10/Oct/2016:15:58:45 +0300] "GET /news/fizmatlit_lebedev.html HTTP/1.0" 200 3127 "-" "Mozilla/5.0 (compatible; YandexBot/3.0; +http://yandex.com/bots)" - - old.parallel.ru
180.76.15.148 - - [10/Oct/2016:16:13:22 +0300] "GET /ftp/computers/cray/sv1_bmguide.pdf HTTP/1.0" 200 93167 "-" "Mozilla/5.0 (compatible; Baiduspider/2.0; +http://www.baidu.com/search/spider.html)" - - old.parallel.ru
180.76.15.153 - - [10/Oct/2016:16:42:00 +0300] "GET /ftp/benchmarks/netlib/MD5.gz HTTP/1.0" 200 2173 "-" "Mozilla/5.0 (compatible; Baiduspider/2.0; +http://www.baidu.com/search/spider.html)" - - old.parallel.ru
180.76.15.142 - - [10/Oct/2016:16:48:23 +0300] "GET /system/9879 HTTP/1.0" 404 290 "-" "Mozilla/5.0 (compatible; Baiduspider/2.0; +http://www.baidu.com/search/spider.html)" - - old.parallel.ru
91.204.131.5 - - [10/Oct/2016:16:51:01 +0300] "GET /parallel/cluster/images/lomonosov/lomonosov_11s.jpg HTTP/1.0" 200 24034 "-" "Mozilla/5.0 (Windows NT 6.1; WOW64) AppleWebKit/537.36 (KHTML, like Gecko) Chrome/52.0.2743.116 YaBrowser/16.9.1.1192 Yowser/2.5 Safari/537.36" - - old.parallel.ru
91.204.131.5 - - [10/Oct/2016:16:51:04 +0300] "GET /cluster/images/lomonosov/lomonosov_22s.jpg HTTP/1.0" 200 16721 "-" "Mozilla/5.0 (Windows NT 6.1; WOW64) AppleWebKit/537.36 (KHTML, like Gecko) Chrome/52.0.2743.116 YaBrowser/16.9.1.1192 Yowser/2.5 Safari/537.36" - - old.parallel.ru
91.204.131.5 - - [10/Oct/2016:16:51:10 +0300] "GET /parallel/cluster/images/lomonosov/lomonosov_32s.jpg HTTP/1.0" 200 55329 "-" "Mozilla/5.0 (Windows NT 6.1; WOW64) AppleWebKit/537.36 (KHTML, like Gecko) Chrome/52.0.2743.116 YaBrowser/16.9.1.1192 Yowser/2.5 Safari/537.36" - - old.parallel.ru
91.204.131.5 - - [10/Oct/2016:16:51:21 +0300] "GET /cluster/images/lomonosov/lomonosov_51s.jpg HTTP/1.0" 200 49878 "-" "Mozilla/5.0 (Windows NT 6.1; WOW64) AppleWebKit/537.36 (KHTML, like Gecko) Chrome/52.0.2743.116 YaBrowser/16.9.1.1192 Yowser/2.5 Safari/537.36" - - old.parallel.ru
91.204.131.5 - - [10/Oct/2016:16:51:23 +0300] "GET /cluster/images/lomonosov/lomonosov_45s.jpg HTTP/1.0" 200 40108 "-" "Mozilla/5.0 (Windows NT 6.1; WOW64) AppleWebKit/537.36 (KHTML, like Gecko) Chrome/52.0.2743.116 YaBrowser/16.9.1.1192 Yowser/2.5 Safari/537.36" - - old.parallel.ru
66.249.76.89 - - [10/Oct/2016:16:58:19 +0300] "GET /cluster/images/lomonosov/lomonosov_31.jpg HTTP/1.0" 200 235316 "-" "Googlebot-Image/1.0" - - old.parallel.ru
180.76.15.32 - - [10/Oct/2016:17:04:39 +0300] "GET /system/9226 HTTP/1.0" 404 290 "-" "Mozilla/5.0 (compatible; Baiduspider/2.0; +http://www.baidu.com/search/spider.html)" - - old.parallel.ru
180.76.15.160 - - [10/Oct/2016:17:16:05 +0300] "GET /ftp/par-news/118.txt HTTP/1.0" 200 2913 "-" "Mozilla/5.0 (compatible; Baiduspider/2.0; +http://www.baidu.com/search/spider.html)" - - old.parallel.ru
66.249.76.87 - - [10/Oct/2016:17:21:33 +0300] "GET /cluster/images/lomonosov/lomonosov_46.jpg HTTP/1.0" 200 260340 "-" "Googlebot-Image/1.0" - - old.parallel.ru
66.249.76.89 - - [10/Oct/2016:17:22:54 +0300] "GET /ftp/benchmarks/pmb/PMB-MPI1.pdf HTTP/1.0" 200 202122 "-" "Mozilla/5.0 (compatible; Googlebot/2.1; +http://www.google.com/bot.html)" - - old.parallel.ru
207.46.13.18 - - [10/Oct/2016:17:28:51 +0300] "GET /parallel/news/duke_gigabit.html HTTP/1.0" 200 2122 "-" "Mozilla/5.0 (iPhone; CPU iPhone OS 7_0 like Mac OS X) AppleWebKit/537.51.1 (KHTML, like Gecko) Version/7.0 Mobile/11A465 Safari/9537.53 (compatible; bingbot/2.0; +http://www.bing.com/bingbot.htm)" - - old.parallel.ru
207.46.13.18 - - [10/Oct/2016:17:32:42 +0300] "GET /robots.txt HTTP/1.0" 404 289 "-" "Mozilla/5.0 (compatible; bingbot/2.0; +http://www.bing.com/bingbot.htm)" - - old.parallel.ru
180.76.15.25 - - [10/Oct/2016:17:46:15 +0300] "GET /ftp/computers/footer.win.html HTTP/1.0" 200 243 "-" "Mozilla/5.0 (compatible; Baiduspider/2.0; +http://www.baidu.com/search/spider.html)" - - old.parallel.ru
180.76.15.148 - - [10/Oct/2016:18:15:41 +0300] "GET /system/10624 HTTP/1.0" 404 291 "-" "Mozilla/5.0 (compatible; Baiduspider/2.0; +http://www.baidu.com/search/spider.html)" - - old.parallel.ru
69.60.116.184 - - [10/Oct/2016:18:18:50 +0300] "GET /parallel/computers/top500.list17.html HTTP/1.0" 200 20335 "-" "Mozilla/5.0 (X11; U; Linux i686; fr; rv:1.8.1) Gecko/20060916 Firefox/2.0b2" - - old.parallel.ru
180.76.15.139 - - [10/Oct/2016:18:42:03 +0300] "GET /ftp/computers/intel/ia64/ADAG.pdf HTTP/1.0" 200 2036656 "-" "Mozilla/5.0 (compatible; Baiduspider/2.0; +http://www.baidu.com/search/spider.html)" - - old.parallel.ru
180.76.15.138 - - [10/Oct/2016:18:43:46 +0300] "GET /info/ci_v5.pdf HTTP/1.0" 200 194237 "-" "Mozilla/5.0 (compatible; Baiduspider/2.0; +http://www.baidu.com/search/spider.html)" - - old.parallel.ru
66.249.73.187 - - [10/Oct/2016:18:50:35 +0300] "GET /cluster/images/lomonosov/lomonosov_22.png HTTP/1.0" 200 766186 "-" "Googlebot-Image/1.0" - - old.parallel.ru
176.213.232.72 - - [10/Oct/2016:19:01:27 +0300] "GET /tech/tech_dev/par_libs.html HTTP/1.0" 200 4505 "https://yandex.ru/clck/jsredir?from=yandex.ru%3Bsearch%2F%3Bweb%3B%3B&text=&etext=1205.xmTXvSJ7ELK9L13zm0QGa49F3W6wjgbhd603Nmf19f37kGHVSOR0mZBmugTuOobyvtVnPoHyu5_NAPjLv3MYNZfr2qj63OugrGsAgVQHgCk.08feda8d274f2a278b8935bc081b5c7ec3c475a9&uuid=&state=PEtFfuTeVD5kpHnK9lio9bb4iM1VPfe4W5x0C0-qwflIRTTifi6VAA&data=UlNrNmk5WktYejR0eWJFYk1LdmtxbjFTdzg5TjkweDdMSFBPM2V4NXdqTVkyZEVWeFJDemxFUG16M0dMcWpxQzh2RnNHQXJJUzlvMENpZG9LQ3AzWDlHY3lvMWtpNVpFNkFLdXRtbXRMeTdfdWQ5UzVUTDBGaDc0UU1pYjAzUzFiNEhPT3p1ZlRQSQ&b64e=2&sign=c40661603d58656ef53760961d6e809a&keyno=0&cst=AiuY0DBWFJ5Hyx_fyvalFLyebJX6IT18i5sTFqRApAfNGzA0fsi3OSfAKeNUndgYwlnYT3wy59U1PMjfKMnTyiajiZGduZ5Zap2DZRkX8QmBFVIpH7eKVA8OZU8DssgDz1tqtIyxEW9rHb9-MIQtcOzc2T7B2aWuY4eH3NvAuAchmsdguZW78MouvmqhNfaGSKg1DtIRTSwphS8H7YG2TZetZ_4tNqlK9-RDvRiGyWbWs6uCajBN-SH6M5aK6CA7nVLRAcps74cwoQGxOlBtVfR1vpHDEylxe5H_gU9rn24-9jyUaQjw9oTN2J0KdW59CD37om2phQlZJkxQCLmxsHS68okY35MKCy_WANL1gFvH9OIQxXdcUuXTUZEHhbarzTOcFhz5dSmZNBf9sMZoHhZYGTzPVa_xlv59l2K28XPR6aU-2offWoT7wC6Pw8ff1XHeAvaWFxxN7_eJpDKytTFJCq9JSQLlrtWk9_RaU8C55OV_1sR0jg7Mncy791jQnLIR2yt65MCMKcxO0i7JvQ-dIyR2zT4E9yagEy8VBoSMWhm0Qs1SoW4Rz6m85cOAQXVf52tA1rnERSw1MQEKHQ&ref=orjY4mGPRjk5boDnW0uvlrrd71vZw9kpVBUyA8nmgREzdS8SkVzMFLIUhXaNansM-X8aH1Mx9j0UumJ9xSylLm_2oshG52t5P3izh62a16k3VSthYVbYr5VtmOlloMxwrSBNohdFA9eTbbo0EKb8_Y2_EXTue-fITorG9KBwBIEkrlvNWPZOg2RN9LLQRzez2i61muMozgGZmf2Wa15G44mwT1gXfGtLWIcIyacB_CUy-dvQufPhiLyPrdCIKL1X&l10n=ru&cts=1476115249994" "Mozilla/5.0 (X11; Ubuntu; Linux x86_64; rv:49.0) Gecko/20100101 Firefox/49.0" - - old.parallel.ru
176.213.232.72 - - [10/Oct/2016:19:01:27 +0300] "GET /images/pc4.gif HTTP/1.0" 200 1903 "http://old.parallel.ru/tech/tech_dev/par_libs.html" "Mozilla/5.0 (X11; Ubuntu; Linux x86_64; rv:49.0) Gecko/20100101 Firefox/49.0" - - old.parallel.ru
176.213.232.72 - - [10/Oct/2016:19:01:27 +0300] "GET /images/pcHome.gif HTTP/1.0" 200 480 "http://old.parallel.ru/tech/tech_dev/par_libs.html" "Mozilla/5.0 (X11; Ubuntu; Linux x86_64; rv:49.0) Gecko/20100101 Firefox/49.0" - - old.parallel.ru
176.213.232.72 - - [10/Oct/2016:19:01:27 +0300] "GET /favicon.ico HTTP/1.0" 404 290 "-" "Mozilla/5.0 (X11; Ubuntu; Linux x86_64; rv:49.0) Gecko/20100101 Firefox/49.0" - - old.parallel.ru
126.117.192.105 - - [10/Oct/2016:19:02:15 +0300] "GET /v-ray/index_e.html HTTP/1.0" 200 302 "-" "Mozilla/5.0 (iPhone; CPU iPhone OS 10_0_2 like Mac OS X) AppleWebKit/602.1.50 (KHTML, like Gecko) Version/10.0 Mobile/14A456 Safari/602.1" - - old.parallel.ru
126.117.192.105 - - [10/Oct/2016:19:02:16 +0300] "GET /apple-touch-icon-120x120-precomposed.png HTTP/1.0" 404 319 "-" "MobileSafari/602.1 CFNetwork/808.0.2 Darwin/16.0.0" - - old.parallel.ru
126.117.192.105 - - [10/Oct/2016:19:02:16 +0300] "GET /apple-touch-icon-120x120.png HTTP/1.0" 404 307 "-" "MobileSafari/602.1 CFNetwork/808.0.2 Darwin/16.0.0" - - old.parallel.ru
126.117.192.105 - - [10/Oct/2016:19:02:16 +0300] "GET /apple-touch-icon-precomposed.png HTTP/1.0" 404 311 "-" "MobileSafari/602.1 CFNetwork/808.0.2 Darwin/16.0.0" - - old.parallel.ru
126.117.192.105 - - [10/Oct/2016:19:02:17 +0300] "GET /apple-touch-icon.png HTTP/1.0" 404 299 "-" "MobileSafari/602.1 CFNetwork/808.0.2 Darwin/16.0.0" - - old.parallel.ru
126.117.192.105 - - [10/Oct/2016:19:02:17 +0300] "GET /favicon.ico HTTP/1.0" 404 290 "-" "MobileSafari/602.1 CFNetwork/808.0.2 Darwin/16.0.0" - - old.parallel.ru
126.117.192.105 - - [10/Oct/2016:19:02:17 +0300] "GET /apple-touch-icon-120x120-precomposed.png HTTP/1.0" 404 319 "-" "MobileSafari/602.1 CFNetwork/808.0.2 Darwin/16.0.0" - - old.parallel.ru
126.117.192.105 - - [10/Oct/2016:19:02:18 +0300] "GET /apple-touch-icon-120x120.png HTTP/1.0" 404 307 "-" "MobileSafari/602.1 CFNetwork/808.0.2 Darwin/16.0.0" - - old.parallel.ru
126.117.192.105 - - [10/Oct/2016:19:02:18 +0300] "GET /apple-touch-icon-precomposed.png HTTP/1.0" 404 311 "-" "MobileSafari/602.1 CFNetwork/808.0.2 Darwin/16.0.0" - - old.parallel.ru
126.117.192.105 - - [10/Oct/2016:19:02:18 +0300] "GET /apple-touch-icon.png HTTP/1.0" 404 299 "-" "MobileSafari/602.1 CFNetwork/808.0.2 Darwin/16.0.0" - - old.parallel.ru
126.117.192.105 - - [10/Oct/2016:19:02:19 +0300] "GET /favicon.ico HTTP/1.0" 404 290 "-" "MobileSafari/602.1 CFNetwork/808.0.2 Darwin/16.0.0" - - old.parallel.ru
141.8.142.87 - - [10/Oct/2016:19:06:02 +0300] "GET /tech/tech_dev/par_libs.html HTTP/1.0" 200 4505 "-" "Mozilla/5.0 (compatible; YandexBot/3.0; +http://yandex.com/bots)" - - old.parallel.ru
157.55.39.57 - - [10/Oct/2016:19:09:25 +0300] "GET /images/icons/cross.gif HTTP/1.0" 200 646 "-" "Mozilla/5.0 (compatible; bingbot/2.0; +http://www.bing.com/bingbot.htm)" - - old.parallel.ru
180.76.15.24 - - [10/Oct/2016:19:16:19 +0300] "GET /system/10714 HTTP/1.0" 404 291 "-" "Mozilla/5.0 (compatible; Baiduspider/2.0; +http://www.baidu.com/search/spider.html)" - - old.parallel.ru
54.227.100.89 - - [10/Oct/2016:19:16:47 +0300] "GET /robots.txt HTTP/1.0" 404 289 "-" "Mozilla/5.0 (compatible; linkdexbot/2.0; +http://www.linkdex.com/bots/)" - - old.parallel.ru
54.227.100.89 - - [10/Oct/2016:19:16:47 +0300] "GET /parallel/conferences/conf_by_deadline.html HTTP/1.0" 200 4985 "-" "Mozilla/5.0 (compatible; linkdexbot/2.0; +http://www.linkdex.com/bots/)" - - old.parallel.ru
180.76.15.157 - - [10/Oct/2016:19:19:44 +0300] "GET /ftp/computers/beowulf/bits.pdf HTTP/1.0" 200 1979328 "-" "Mozilla/5.0 (compatible; Baiduspider/2.0; +http://www.baidu.com/search/spider.html)" - - old.parallel.ru
220.181.108.171 - - [10/Oct/2016:19:29:46 +0300] "GET /ftp/mpi/LAM/lam61.doc.pdf.gz HTTP/1.0" 200 386011 "-" "Mozilla/5.0 (iPhone; CPU iPhone OS 8_0 like Mac OS X) AppleWebKit/600.1.3 (KHTML, like Gecko) Version/8.0 Mobile/12A4345d Safari/600.1.4" - - old.parallel.ru
220.181.108.177 - - [10/Oct/2016:19:29:50 +0300] "GET /ftp/mpi/LAM/lam61.doc.pdf.gz HTTP/1.0" 200 386011 "-" "Mozilla/5.0 (iPhone; CPU iPhone OS 8_0 like Mac OS X) AppleWebKit/600.1.3 (KHTML, like Gecko) Version/8.0 Mobile/12A4345d Safari/600.1.4" - - old.parallel.ru
66.249.76.91 - - [10/Oct/2016:19:35:08 +0300] "GET /cluster/images/lomonosov/lomonosov_11.jpg HTTP/1.0" 200 335811 "-" "Googlebot-Image/1.0" - - old.parallel.ru
141.8.142.65 - - [10/Oct/2016:19:36:06 +0300] "GET /images/computers/mvs1000mNet2.gif HTTP/1.0" 200 27583 "-" "Mozilla/5.0 (compatible; YandexImages/3.0; +http://yandex.com/bots)" - - old.parallel.ru
141.8.142.23 - - [10/Oct/2016:19:37:48 +0300] "GET /parallel/cluster/images/perf/transfer3a.gif HTTP/1.0" 304 - "-" "Mozilla/5.0 (compatible; YandexImages/3.0; +http://yandex.com/bots)" - - old.parallel.ru
141.8.142.87 - - [10/Oct/2016:19:37:54 +0300] "GET /cluster/images/perf/transfer3a.gif HTTP/1.0" 304 - "-" "Mozilla/5.0 (compatible; YandexImages/3.0; +http://yandex.com/bots)" - - old.parallel.ru
141.8.142.87 - - [10/Oct/2016:19:37:58 +0300] "GET /images/logos/centers/npaci.jpg HTTP/1.0" 304 - "-" "Mozilla/5.0 (compatible; YandexImages/3.0; +http://yandex.com/bots)" - - old.parallel.ru
141.8.142.87 - - [10/Oct/2016:19:38:02 +0300] "GET /images/vvv/2-6.gif HTTP/1.0" 304 - "-" "Mozilla/5.0 (compatible; YandexImages/3.0; +http://yandex.com/bots)" - - old.parallel.ru
141.8.142.23 - - [10/Oct/2016:19:38:06 +0300] "GET /ftp/tests/mpi-bench-suite/doc/images/eq01.gif HTTP/1.0" 304 - "-" "Mozilla/5.0 (compatible; YandexImages/3.0; +http://yandex.com/bots)" - - old.parallel.ru
141.8.142.87 - - [10/Oct/2016:19:38:10 +0300] "GET /images/people/dimitriev.gif HTTP/1.0" 304 - "-" "Mozilla/5.0 (compatible; YandexImages/3.0; +http://yandex.com/bots)" - - old.parallel.ru
141.8.142.23 - - [10/Oct/2016:19:38:14 +0300] "GET /images/mvs/mvs04a.gif HTTP/1.0" 304 - "-" "Mozilla/5.0 (compatible; YandexImages/3.0; +http://yandex.com/bots)" - - old.parallel.ru
141.8.142.87 - - [10/Oct/2016:19:38:18 +0300] "GET /parallel/cluster/images/leos.jpg HTTP/1.0" 304 - "-" "Mozilla/5.0 (compatible; YandexImages/3.0; +http://yandex.com/bots)" - - old.parallel.ru
141.8.142.23 - - [10/Oct/2016:19:38:22 +0300] "GET /parallel/tech/images/itera3.gif HTTP/1.0" 304 - "-" "Mozilla/5.0 (compatible; YandexImages/3.0; +http://yandex.com/bots)" - - old.parallel.ru
54.84.117.110 - - [10/Oct/2016:19:39:02 +0300] "GET / HTTP/1.0" 200 399 "-" "Mozilla/5.0 (compatible; linkdexbot/2.0; +http://www.linkdex.com/bots/)" - - old.parallel.ru
66.249.76.89 - - [10/Oct/2016:19:57:07 +0300] "GET /cluster/images/lomonosov/lomonosov_51.jpg HTTP/1.0" 200 434436 "-" "Googlebot-Image/1.0" - - old.parallel.ru
69.60.116.184 - - [10/Oct/2016:20:00:16 +0300] "GET /computers/top500.list17.html HTTP/1.0" 200 20335 "-" "Mozilla/5.0 (Windows; U; Windows NT 5.1; de; rv:1.9.0.8) Gecko/2009032609 Firefox/3.07" - - old.parallel.ru
